<!doctype html public "-//w3c//dtd html 4.0 transitional//en">
<html><head>
<title>Static Call Graph - [.\obj\P-A-000092_BOOT_V1_B.axf]</title></head>
<body><HR>
<H1>Static Call Graph for image .\obj\P-A-000092_BOOT_V1_B.axf</H1><HR>
<BR><P>#&#060CALLGRAPH&#062# ARM Linker, 4.1 [Build 894]: Last Updated: Tue Nov 01 16:09:25 2016
<BR><P>
<H3>Maximum Stack Usage =        656 bytes + Unknown(Cycles, Untraceable Function Pointers)</H3><H3>
Call chain for Maximum Stack Depth:</H3>
main &rArr; backup_application &rArr; copy_code_to_exterflash &rArr; iapv2_erase_exterflash &rArr; ioctl
<P>
<H3>
Mutually Recursive functions
</H3> <LI><a href="#[1c]">ADC_IRQHandler</a>&nbsp;&nbsp;&nbsp;&rArr;&nbsp;&nbsp;&nbsp;<a href="#[1c]">ADC_IRQHandler</a><BR>
 <LI><a href="#[4]">BusFault_Handler</a>&nbsp;&nbsp;&nbsp;&rArr;&nbsp;&nbsp;&nbsp;<a href="#[4]">BusFault_Handler</a><BR>
 <LI><a href="#[2]">HardFault_Handler</a>&nbsp;&nbsp;&nbsp;&rArr;&nbsp;&nbsp;&nbsp;<a href="#[2]">HardFault_Handler</a><BR>
 <LI><a href="#[3]">MemManage_Handler</a>&nbsp;&nbsp;&nbsp;&rArr;&nbsp;&nbsp;&nbsp;<a href="#[3]">MemManage_Handler</a><BR>
 <LI><a href="#[5]">UsageFault_Handler</a>&nbsp;&nbsp;&nbsp;&rArr;&nbsp;&nbsp;&nbsp;<a href="#[5]">UsageFault_Handler</a><BR>
</UL>
<P>
<H3>
Function Pointers
</H3><UL>
 <LI><a href="#[1c]">ADC_IRQHandler</a> from startup_stm32f4xx.o(.text) referenced from startup_stm32f4xx.o(RESET)
 <LI><a href="#[4]">BusFault_Handler</a> from stm32f4xx_it.o(i.BusFault_Handler) referenced from startup_stm32f4xx.o(RESET)
 <LI><a href="#[1e]">CAN1_RX0_IRQHandler</a> from startup_stm32f4xx.o(.text) referenced from startup_stm32f4xx.o(RESET)
 <LI><a href="#[1f]">CAN1_RX1_IRQHandler</a> from startup_stm32f4xx.o(.text) referenced from startup_stm32f4xx.o(RESET)
 <LI><a href="#[20]">CAN1_SCE_IRQHandler</a> from startup_stm32f4xx.o(.text) referenced from startup_stm32f4xx.o(RESET)
 <LI><a href="#[1d]">CAN1_TX_IRQHandler</a> from startup_stm32f4xx.o(.text) referenced from startup_stm32f4xx.o(RESET)
 <LI><a href="#[4a]">CAN2_RX0_IRQHandler</a> from startup_stm32f4xx.o(.text) referenced from startup_stm32f4xx.o(RESET)
 <LI><a href="#[4b]">CAN2_RX1_IRQHandler</a> from startup_stm32f4xx.o(.text) referenced from startup_stm32f4xx.o(RESET)
 <LI><a href="#[4c]">CAN2_SCE_IRQHandler</a> from startup_stm32f4xx.o(.text) referenced from startup_stm32f4xx.o(RESET)
 <LI><a href="#[49]">CAN2_TX_IRQHandler</a> from startup_stm32f4xx.o(.text) referenced from startup_stm32f4xx.o(RESET)
 <LI><a href="#[59]">CRYP_IRQHandler</a> from startup_stm32f4xx.o(.text) referenced from startup_stm32f4xx.o(RESET)
 <LI><a href="#[58]">DCMI_IRQHandler</a> from startup_stm32f4xx.o(.text) referenced from startup_stm32f4xx.o(RESET)
 <LI><a href="#[15]">DMA1_Stream0_IRQHandler</a> from startup_stm32f4xx.o(.text) referenced from startup_stm32f4xx.o(RESET)
 <LI><a href="#[16]">DMA1_Stream1_IRQHandler</a> from startup_stm32f4xx.o(.text) referenced from startup_stm32f4xx.o(RESET)
 <LI><a href="#[17]">DMA1_Stream2_IRQHandler</a> from startup_stm32f4xx.o(.text) referenced from startup_stm32f4xx.o(RESET)
 <LI><a href="#[18]">DMA1_Stream3_IRQHandler</a> from startup_stm32f4xx.o(.text) referenced from startup_stm32f4xx.o(RESET)
 <LI><a href="#[19]">DMA1_Stream4_IRQHandler</a> from startup_stm32f4xx.o(.text) referenced from startup_stm32f4xx.o(RESET)
 <LI><a href="#[1a]">DMA1_Stream5_IRQHandler</a> from startup_stm32f4xx.o(.text) referenced from startup_stm32f4xx.o(RESET)
 <LI><a href="#[1b]">DMA1_Stream6_IRQHandler</a> from startup_stm32f4xx.o(.text) referenced from startup_stm32f4xx.o(RESET)
 <LI><a href="#[39]">DMA1_Stream7_IRQHandler</a> from startup_stm32f4xx.o(.text) referenced from startup_stm32f4xx.o(RESET)
 <LI><a href="#[42]">DMA2_Stream0_IRQHandler</a> from startup_stm32f4xx.o(.text) referenced from startup_stm32f4xx.o(RESET)
 <LI><a href="#[43]">DMA2_Stream1_IRQHandler</a> from startup_stm32f4xx.o(.text) referenced from startup_stm32f4xx.o(RESET)
 <LI><a href="#[44]">DMA2_Stream2_IRQHandler</a> from startup_stm32f4xx.o(.text) referenced from startup_stm32f4xx.o(RESET)
 <LI><a href="#[45]">DMA2_Stream3_IRQHandler</a> from startup_stm32f4xx.o(.text) referenced from startup_stm32f4xx.o(RESET)
 <LI><a href="#[46]">DMA2_Stream4_IRQHandler</a> from startup_stm32f4xx.o(.text) referenced from startup_stm32f4xx.o(RESET)
 <LI><a href="#[4e]">DMA2_Stream5_IRQHandler</a> from startup_stm32f4xx.o(.text) referenced from startup_stm32f4xx.o(RESET)
 <LI><a href="#[4f]">DMA2_Stream6_IRQHandler</a> from startup_stm32f4xx.o(.text) referenced from startup_stm32f4xx.o(RESET)
 <LI><a href="#[50]">DMA2_Stream7_IRQHandler</a> from startup_stm32f4xx.o(.text) referenced from startup_stm32f4xx.o(RESET)
 <LI><a href="#[7]">DebugMon_Handler</a> from stm32f4xx_it.o(i.DebugMon_Handler) referenced from startup_stm32f4xx.o(RESET)
 <LI><a href="#[80]">EEPROM_close</a> from eeprom.o(i.EEPROM_close) referenced from device.o(.constdata)
 <LI><a href="#[7e]">EEPROM_ioctl</a> from eeprom.o(i.EEPROM_ioctl) referenced from device.o(.constdata)
 <LI><a href="#[7b]">EEPROM_lseek</a> from eeprom.o(i.EEPROM_lseek) referenced from device.o(.constdata)
 <LI><a href="#[7f]">EEPROM_open</a> from eeprom.o(i.EEPROM_open) referenced from device.o(.constdata)
 <LI><a href="#[7c]">EEPROM_read</a> from eeprom.o(i.EEPROM_read) referenced from device.o(.constdata)
 <LI><a href="#[7d]">EEPROM_write</a> from eeprom.o(i.EEPROM_write) referenced from device.o(.constdata)
 <LI><a href="#[47]">ETH_IRQHandler</a> from startup_stm32f4xx.o(.text) referenced from startup_stm32f4xx.o(RESET)
 <LI><a href="#[48]">ETH_WKUP_IRQHandler</a> from startup_stm32f4xx.o(.text) referenced from startup_stm32f4xx.o(RESET)
 <LI><a href="#[10]">EXTI0_IRQHandler</a> from startup_stm32f4xx.o(.text) referenced from startup_stm32f4xx.o(RESET)
 <LI><a href="#[32]">EXTI15_10_IRQHandler</a> from startup_stm32f4xx.o(.text) referenced from startup_stm32f4xx.o(RESET)
 <LI><a href="#[11]">EXTI1_IRQHandler</a> from startup_stm32f4xx.o(.text) referenced from startup_stm32f4xx.o(RESET)
 <LI><a href="#[12]">EXTI2_IRQHandler</a> from startup_stm32f4xx.o(.text) referenced from startup_stm32f4xx.o(RESET)
 <LI><a href="#[13]">EXTI3_IRQHandler</a> from startup_stm32f4xx.o(.text) referenced from startup_stm32f4xx.o(RESET)
 <LI><a href="#[14]">EXTI4_IRQHandler</a> from startup_stm32f4xx.o(.text) referenced from startup_stm32f4xx.o(RESET)
 <LI><a href="#[21]">EXTI9_5_IRQHandler</a> from startup_stm32f4xx.o(.text) referenced from startup_stm32f4xx.o(RESET)
 <LI><a href="#[e]">FLASH_IRQHandler</a> from startup_stm32f4xx.o(.text) referenced from startup_stm32f4xx.o(RESET)
 <LI><a href="#[5b]">FPU_IRQHandler</a> from startup_stm32f4xx.o(.text) referenced from startup_stm32f4xx.o(RESET)
 <LI><a href="#[3a]">FSMC_IRQHandler</a> from startup_stm32f4xx.o(.text) referenced from startup_stm32f4xx.o(RESET)
 <LI><a href="#[5a]">HASH_RNG_IRQHandler</a> from startup_stm32f4xx.o(.text) referenced from startup_stm32f4xx.o(RESET)
 <LI><a href="#[2]">HardFault_Handler</a> from stm32f4xx_it.o(i.HardFault_Handler) referenced from startup_stm32f4xx.o(RESET)
 <LI><a href="#[2a]">I2C1_ER_IRQHandler</a> from startup_stm32f4xx.o(.text) referenced from startup_stm32f4xx.o(RESET)
 <LI><a href="#[29]">I2C1_EV_IRQHandler</a> from startup_stm32f4xx.o(.text) referenced from startup_stm32f4xx.o(RESET)
 <LI><a href="#[2c]">I2C2_ER_IRQHandler</a> from startup_stm32f4xx.o(.text) referenced from startup_stm32f4xx.o(RESET)
 <LI><a href="#[2b]">I2C2_EV_IRQHandler</a> from startup_stm32f4xx.o(.text) referenced from startup_stm32f4xx.o(RESET)
 <LI><a href="#[53]">I2C3_ER_IRQHandler</a> from startup_stm32f4xx.o(.text) referenced from startup_stm32f4xx.o(RESET)
 <LI><a href="#[52]">I2C3_EV_IRQHandler</a> from startup_stm32f4xx.o(.text) referenced from startup_stm32f4xx.o(RESET)
 <LI><a href="#[3]">MemManage_Handler</a> from stm32f4xx_it.o(i.MemManage_Handler) referenced from startup_stm32f4xx.o(RESET)
 <LI><a href="#[1]">NMI_Handler</a> from stm32f4xx_it.o(i.NMI_Handler) referenced from startup_stm32f4xx.o(RESET)
 <LI><a href="#[4d]">OTG_FS_IRQHandler</a> from startup_stm32f4xx.o(.text) referenced from startup_stm32f4xx.o(RESET)
 <LI><a href="#[34]">OTG_FS_WKUP_IRQHandler</a> from startup_stm32f4xx.o(.text) referenced from startup_stm32f4xx.o(RESET)
 <LI><a href="#[55]">OTG_HS_EP1_IN_IRQHandler</a> from startup_stm32f4xx.o(.text) referenced from startup_stm32f4xx.o(RESET)
 <LI><a href="#[54]">OTG_HS_EP1_OUT_IRQHandler</a> from startup_stm32f4xx.o(.text) referenced from startup_stm32f4xx.o(RESET)
 <LI><a href="#[57]">OTG_HS_IRQHandler</a> from startup_stm32f4xx.o(.text) referenced from startup_stm32f4xx.o(RESET)
 <LI><a href="#[56]">OTG_HS_WKUP_IRQHandler</a> from startup_stm32f4xx.o(.text) referenced from startup_stm32f4xx.o(RESET)
 <LI><a href="#[b]">PVD_IRQHandler</a> from startup_stm32f4xx.o(.text) referenced from startup_stm32f4xx.o(RESET)
 <LI><a href="#[8]">PendSV_Handler</a> from stm32f4xx_it.o(i.PendSV_Handler) referenced from startup_stm32f4xx.o(RESET)
 <LI><a href="#[f]">RCC_IRQHandler</a> from startup_stm32f4xx.o(.text) referenced from startup_stm32f4xx.o(RESET)
 <LI><a href="#[33]">RTC_Alarm_IRQHandler</a> from startup_stm32f4xx.o(.text) referenced from startup_stm32f4xx.o(RESET)
 <LI><a href="#[d]">RTC_WKUP_IRQHandler</a> from startup_stm32f4xx.o(.text) referenced from startup_stm32f4xx.o(RESET)
 <LI><a href="#[8a]">Reset_Handler</a> from startup_stm32f4xx.o(.text) referenced from startup_stm32f4xx.o(RESET)
 <LI><a href="#[3b]">SDIO_IRQHandler</a> from startup_stm32f4xx.o(.text) referenced from startup_stm32f4xx.o(RESET)
 <LI><a href="#[2d]">SPI1_IRQHandler</a> from startup_stm32f4xx.o(.text) referenced from startup_stm32f4xx.o(RESET)
 <LI><a href="#[2e]">SPI2_IRQHandler</a> from startup_stm32f4xx.o(.text) referenced from startup_stm32f4xx.o(RESET)
 <LI><a href="#[3d]">SPI3_IRQHandler</a> from startup_stm32f4xx.o(.text) referenced from startup_stm32f4xx.o(RESET)
 <LI><a href="#[6]">SVC_Handler</a> from stm32f4xx_it.o(i.SVC_Handler) referenced from startup_stm32f4xx.o(RESET)
 <LI><a href="#[9]">SysTick_Handler</a> from stm32f4xx_it.o(i.SysTick_Handler) referenced from startup_stm32f4xx.o(RESET)
 <LI><a href="#[c]">TAMP_STAMP_IRQHandler</a> from startup_stm32f4xx.o(.text) referenced from startup_stm32f4xx.o(RESET)
 <LI><a href="#[22]">TIM1_BRK_TIM9_IRQHandler</a> from startup_stm32f4xx.o(.text) referenced from startup_stm32f4xx.o(RESET)
 <LI><a href="#[25]">TIM1_CC_IRQHandler</a> from startup_stm32f4xx.o(.text) referenced from startup_stm32f4xx.o(RESET)
 <LI><a href="#[24]">TIM1_TRG_COM_TIM11_IRQHandler</a> from startup_stm32f4xx.o(.text) referenced from startup_stm32f4xx.o(RESET)
 <LI><a href="#[23]">TIM1_UP_TIM10_IRQHandler</a> from startup_stm32f4xx.o(.text) referenced from startup_stm32f4xx.o(RESET)
 <LI><a href="#[26]">TIM2_IRQHandler</a> from startup_stm32f4xx.o(.text) referenced from startup_stm32f4xx.o(RESET)
 <LI><a href="#[27]">TIM3_IRQHandler</a> from startup_stm32f4xx.o(.text) referenced from startup_stm32f4xx.o(RESET)
 <LI><a href="#[28]">TIM4_IRQHandler</a> from startup_stm32f4xx.o(.text) referenced from startup_stm32f4xx.o(RESET)
 <LI><a href="#[3c]">TIM5_IRQHandler</a> from startup_stm32f4xx.o(.text) referenced from startup_stm32f4xx.o(RESET)
 <LI><a href="#[40]">TIM6_DAC_IRQHandler</a> from startup_stm32f4xx.o(.text) referenced from startup_stm32f4xx.o(RESET)
 <LI><a href="#[41]">TIM7_IRQHandler</a> from startup_stm32f4xx.o(.text) referenced from startup_stm32f4xx.o(RESET)
 <LI><a href="#[35]">TIM8_BRK_TIM12_IRQHandler</a> from startup_stm32f4xx.o(.text) referenced from startup_stm32f4xx.o(RESET)
 <LI><a href="#[38]">TIM8_CC_IRQHandler</a> from startup_stm32f4xx.o(.text) referenced from startup_stm32f4xx.o(RESET)
 <LI><a href="#[37]">TIM8_TRG_COM_TIM14_IRQHandler</a> from startup_stm32f4xx.o(.text) referenced from startup_stm32f4xx.o(RESET)
 <LI><a href="#[36]">TIM8_UP_TIM13_IRQHandler</a> from startup_stm32f4xx.o(.text) referenced from startup_stm32f4xx.o(RESET)
 <LI><a href="#[3e]">UART4_IRQHandler</a> from usartx.o(i.UART4_IRQHandler) referenced from startup_stm32f4xx.o(RESET)
 <LI><a href="#[3f]">UART5_IRQHandler</a> from usartx.o(i.UART5_IRQHandler) referenced from startup_stm32f4xx.o(RESET)
 <LI><a href="#[2f]">USART1_IRQHandler</a> from usartx.o(i.USART1_IRQHandler) referenced from startup_stm32f4xx.o(RESET)
 <LI><a href="#[30]">USART2_IRQHandler</a> from usartx.o(i.USART2_IRQHandler) referenced from startup_stm32f4xx.o(RESET)
 <LI><a href="#[31]">USART3_IRQHandler</a> from usartx.o(i.USART3_IRQHandler) referenced from startup_stm32f4xx.o(RESET)
 <LI><a href="#[51]">USART6_IRQHandler</a> from startup_stm32f4xx.o(.text) referenced from startup_stm32f4xx.o(RESET)
 <LI><a href="#[5]">UsageFault_Handler</a> from stm32f4xx_it.o(i.UsageFault_Handler) referenced from startup_stm32f4xx.o(RESET)
 <LI><a href="#[a]">WWDG_IRQHandler</a> from startup_stm32f4xx.o(.text) referenced from startup_stm32f4xx.o(RESET)
 <LI><a href="#[5d]">__main</a> from entry.o(.ARM.Collect$$$$00000000) referenced from startup_stm32f4xx.o(.text)
 <LI><a href="#[5f]">dSysTick_ioctl</a> from systick.o(i.dSysTick_ioctl) referenced from device.o(.constdata)
 <LI><a href="#[60]">dSysTick_open</a> from systick.o(i.dSysTick_open) referenced from device.o(.constdata)
 <LI><a href="#[5e]">dSysTick_read</a> from systick.o(i.dSysTick_read) referenced from device.o(.constdata)
 <LI><a href="#[61]">dSysTick_release</a> from systick.o(i.dSysTick_release) referenced from device.o(.constdata)
 <LI><a href="#[89]">extwdg_close</a> from extwdg.o(i.extwdg_close) referenced from device.o(.constdata)
 <LI><a href="#[87]">extwdg_ioctl</a> from extwdg.o(i.extwdg_ioctl) referenced from device.o(.constdata)
 <LI><a href="#[88]">extwdg_open</a> from extwdg.o(i.extwdg_open) referenced from device.o(.constdata)
 <LI><a href="#[5c]">main</a> from main.o(i.main) referenced from entry8.o(.ARM.Collect$$$$00000009)
 <LI><a href="#[66]">usart1_close</a> from usartx.o(i.usart1_close) referenced from device.o(.constdata)
 <LI><a href="#[64]">usart1_ioctl</a> from usartx.o(i.usart1_ioctl) referenced from device.o(.constdata)
 <LI><a href="#[65]">usart1_open</a> from usartx.o(i.usart1_open) referenced from device.o(.constdata)
 <LI><a href="#[62]">usart1_read</a> from usartx.o(i.usart1_read) referenced from device.o(.constdata)
 <LI><a href="#[63]">usart1_write</a> from usartx.o(i.usart1_write) referenced from device.o(.constdata)
 <LI><a href="#[6b]">usart2_close</a> from usartx.o(i.usart2_close) referenced from device.o(.constdata)
 <LI><a href="#[69]">usart2_ioctl</a> from usartx.o(i.usart2_ioctl) referenced from device.o(.constdata)
 <LI><a href="#[6a]">usart2_open</a> from usartx.o(i.usart2_open) referenced from device.o(.constdata)
 <LI><a href="#[67]">usart2_read</a> from usartx.o(i.usart2_read) referenced from device.o(.constdata)
 <LI><a href="#[68]">usart2_write</a> from usartx.o(i.usart2_write) referenced from device.o(.constdata)
 <LI><a href="#[70]">usart3_close</a> from usartx.o(i.usart3_close) referenced from device.o(.constdata)
 <LI><a href="#[6e]">usart3_ioctl</a> from usartx.o(i.usart3_ioctl) referenced from device.o(.constdata)
 <LI><a href="#[6f]">usart3_open</a> from usartx.o(i.usart3_open) referenced from device.o(.constdata)
 <LI><a href="#[6c]">usart3_read</a> from usartx.o(i.usart3_read) referenced from device.o(.constdata)
 <LI><a href="#[6d]">usart3_write</a> from usartx.o(i.usart3_write) referenced from device.o(.constdata)
 <LI><a href="#[75]">usart4_close</a> from usartx.o(i.usart4_close) referenced from device.o(.constdata)
 <LI><a href="#[73]">usart4_ioctl</a> from usartx.o(i.usart4_ioctl) referenced from device.o(.constdata)
 <LI><a href="#[74]">usart4_open</a> from usartx.o(i.usart4_open) referenced from device.o(.constdata)
 <LI><a href="#[71]">usart4_read</a> from usartx.o(i.usart4_read) referenced from device.o(.constdata)
 <LI><a href="#[72]">usart4_write</a> from usartx.o(i.usart4_write) referenced from device.o(.constdata)
 <LI><a href="#[7a]">usart5_close</a> from usartx.o(i.usart5_close) referenced from device.o(.constdata)
 <LI><a href="#[78]">usart5_ioctl</a> from usartx.o(i.usart5_ioctl) referenced from device.o(.constdata)
 <LI><a href="#[79]">usart5_open</a> from usartx.o(i.usart5_open) referenced from device.o(.constdata)
 <LI><a href="#[76]">usart5_read</a> from usartx.o(i.usart5_read) referenced from device.o(.constdata)
 <LI><a href="#[77]">usart5_write</a> from usartx.o(i.usart5_write) referenced from device.o(.constdata)
 <LI><a href="#[86]">w25qx_close</a> from w25qx.o(i.w25qx_close) referenced from device.o(.constdata)
 <LI><a href="#[84]">w25qx_ioctl</a> from w25qx.o(i.w25qx_ioctl) referenced from device.o(.constdata)
 <LI><a href="#[81]">w25qx_lseek</a> from w25qx.o(i.w25qx_lseek) referenced from device.o(.constdata)
 <LI><a href="#[85]">w25qx_open</a> from w25qx.o(i.w25qx_open) referenced from device.o(.constdata)
 <LI><a href="#[82]">w25qx_read</a> from w25qx.o(i.w25qx_read) referenced from device.o(.constdata)
 <LI><a href="#[83]">w25qx_write</a> from w25qx.o(i.w25qx_write) referenced from device.o(.constdata)
</UL>
<P>
<H3>
Global Symbols
</H3>
<P><STRONG><a name="[5d]"></a>__main</STRONG> (Thumb, 0 bytes, Stack size unknown bytes, entry.o(.ARM.Collect$$$$00000000))
<BR>[Address Reference Count : 1]<UL><LI> startup_stm32f4xx.o(.text)
</UL>
<P><STRONG><a name="[fe]"></a>_main_stk</STRONG> (Thumb, 0 bytes, Stack size unknown bytes, entry2.o(.ARM.Collect$$$$00000001))

<P><STRONG><a name="[8b]"></a>_main_scatterload</STRONG> (Thumb, 0 bytes, Stack size unknown bytes, entry5.o(.ARM.Collect$$$$00000004))
<BR><BR>[Calls]<UL><LI><a href="#[8c]">&gt;&gt;</a>&nbsp;&nbsp;&nbsp;__scatterload
</UL>

<P><STRONG><a name="[94]"></a>__main_after_scatterload</STRONG> (Thumb, 0 bytes, Stack size unknown bytes, entry5.o(.ARM.Collect$$$$00000004))
<BR><BR>[Called By]<UL><LI><a href="#[8c]">&gt;&gt;</a>&nbsp;&nbsp;&nbsp;__scatterload
</UL>

<P><STRONG><a name="[ff]"></a>_main_clock</STRONG> (Thumb, 0 bytes, Stack size unknown bytes, entry7b.o(.ARM.Collect$$$$00000008))

<P><STRONG><a name="[100]"></a>_main_init</STRONG> (Thumb, 0 bytes, Stack size unknown bytes, entry8.o(.ARM.Collect$$$$00000009))

<P><STRONG><a name="[8a]"></a>Reset_Handler</STRONG> (Thumb, 4 bytes, Stack size 0 bytes, startup_stm32f4xx.o(.text))

<P><STRONG><a name="[1c]"></a>ADC_IRQHandler</STRONG> (Thumb, 0 bytes, Stack size 0 bytes, startup_stm32f4xx.o(.text))
<BR><BR>[Calls]<UL><LI><a href="#[1c]">&gt;&gt;</a>&nbsp;&nbsp;&nbsp;ADC_IRQHandler
</UL>
<BR>[Called By]<UL><LI><a href="#[1c]">&gt;&gt;</a>&nbsp;&nbsp;&nbsp;ADC_IRQHandler
</UL>
<BR>[Address Reference Count : 1]<UL><LI> startup_stm32f4xx.o(RESET)
</UL>
<P><STRONG><a name="[1e]"></a>CAN1_RX0_IRQHandler</STRONG> (Thumb, 0 bytes, Stack size 0 bytes, startup_stm32f4xx.o(.text))
<BR>[Address Reference Count : 1]<UL><LI> startup_stm32f4xx.o(RESET)
</UL>
<P><STRONG><a name="[1f]"></a>CAN1_RX1_IRQHandler</STRONG> (Thumb, 0 bytes, Stack size 0 bytes, startup_stm32f4xx.o(.text))
<BR>[Address Reference Count : 1]<UL><LI> startup_stm32f4xx.o(RESET)
</UL>
<P><STRONG><a name="[20]"></a>CAN1_SCE_IRQHandler</STRONG> (Thumb, 0 bytes, Stack size 0 bytes, startup_stm32f4xx.o(.text))
<BR>[Address Reference Count : 1]<UL><LI> startup_stm32f4xx.o(RESET)
</UL>
<P><STRONG><a name="[1d]"></a>CAN1_TX_IRQHandler</STRONG> (Thumb, 0 bytes, Stack size 0 bytes, startup_stm32f4xx.o(.text))
<BR>[Address Reference Count : 1]<UL><LI> startup_stm32f4xx.o(RESET)
</UL>
<P><STRONG><a name="[4a]"></a>CAN2_RX0_IRQHandler</STRONG> (Thumb, 0 bytes, Stack size 0 bytes, startup_stm32f4xx.o(.text))
<BR>[Address Reference Count : 1]<UL><LI> startup_stm32f4xx.o(RESET)
</UL>
<P><STRONG><a name="[4b]"></a>CAN2_RX1_IRQHandler</STRONG> (Thumb, 0 bytes, Stack size 0 bytes, startup_stm32f4xx.o(.text))
<BR>[Address Reference Count : 1]<UL><LI> startup_stm32f4xx.o(RESET)
</UL>
<P><STRONG><a name="[4c]"></a>CAN2_SCE_IRQHandler</STRONG> (Thumb, 0 bytes, Stack size 0 bytes, startup_stm32f4xx.o(.text))
<BR>[Address Reference Count : 1]<UL><LI> startup_stm32f4xx.o(RESET)
</UL>
<P><STRONG><a name="[49]"></a>CAN2_TX_IRQHandler</STRONG> (Thumb, 0 bytes, Stack size 0 bytes, startup_stm32f4xx.o(.text))
<BR>[Address Reference Count : 1]<UL><LI> startup_stm32f4xx.o(RESET)
</UL>
<P><STRONG><a name="[59]"></a>CRYP_IRQHandler</STRONG> (Thumb, 0 bytes, Stack size 0 bytes, startup_stm32f4xx.o(.text))
<BR>[Address Reference Count : 1]<UL><LI> startup_stm32f4xx.o(RESET)
</UL>
<P><STRONG><a name="[58]"></a>DCMI_IRQHandler</STRONG> (Thumb, 0 bytes, Stack size 0 bytes, startup_stm32f4xx.o(.text))
<BR>[Address Reference Count : 1]<UL><LI> startup_stm32f4xx.o(RESET)
</UL>
<P><STRONG><a name="[15]"></a>DMA1_Stream0_IRQHandler</STRONG> (Thumb, 0 bytes, Stack size 0 bytes, startup_stm32f4xx.o(.text))
<BR>[Address Reference Count : 1]<UL><LI> startup_stm32f4xx.o(RESET)
</UL>
<P><STRONG><a name="[16]"></a>DMA1_Stream1_IRQHandler</STRONG> (Thumb, 0 bytes, Stack size 0 bytes, startup_stm32f4xx.o(.text))
<BR>[Address Reference Count : 1]<UL><LI> startup_stm32f4xx.o(RESET)
</UL>
<P><STRONG><a name="[17]"></a>DMA1_Stream2_IRQHandler</STRONG> (Thumb, 0 bytes, Stack size 0 bytes, startup_stm32f4xx.o(.text))
<BR>[Address Reference Count : 1]<UL><LI> startup_stm32f4xx.o(RESET)
</UL>
<P><STRONG><a name="[18]"></a>DMA1_Stream3_IRQHandler</STRONG> (Thumb, 0 bytes, Stack size 0 bytes, startup_stm32f4xx.o(.text))
<BR>[Address Reference Count : 1]<UL><LI> startup_stm32f4xx.o(RESET)
</UL>
<P><STRONG><a name="[19]"></a>DMA1_Stream4_IRQHandler</STRONG> (Thumb, 0 bytes, Stack size 0 bytes, startup_stm32f4xx.o(.text))
<BR>[Address Reference Count : 1]<UL><LI> startup_stm32f4xx.o(RESET)
</UL>
<P><STRONG><a name="[1a]"></a>DMA1_Stream5_IRQHandler</STRONG> (Thumb, 0 bytes, Stack size 0 bytes, startup_stm32f4xx.o(.text))
<BR>[Address Reference Count : 1]<UL><LI> startup_stm32f4xx.o(RESET)
</UL>
<P><STRONG><a name="[1b]"></a>DMA1_Stream6_IRQHandler</STRONG> (Thumb, 0 bytes, Stack size 0 bytes, startup_stm32f4xx.o(.text))
<BR>[Address Reference Count : 1]<UL><LI> startup_stm32f4xx.o(RESET)
</UL>
<P><STRONG><a name="[39]"></a>DMA1_Stream7_IRQHandler</STRONG> (Thumb, 0 bytes, Stack size 0 bytes, startup_stm32f4xx.o(.text))
<BR>[Address Reference Count : 1]<UL><LI> startup_stm32f4xx.o(RESET)
</UL>
<P><STRONG><a name="[42]"></a>DMA2_Stream0_IRQHandler</STRONG> (Thumb, 0 bytes, Stack size 0 bytes, startup_stm32f4xx.o(.text))
<BR>[Address Reference Count : 1]<UL><LI> startup_stm32f4xx.o(RESET)
</UL>
<P><STRONG><a name="[43]"></a>DMA2_Stream1_IRQHandler</STRONG> (Thumb, 0 bytes, Stack size 0 bytes, startup_stm32f4xx.o(.text))
<BR>[Address Reference Count : 1]<UL><LI> startup_stm32f4xx.o(RESET)
</UL>
<P><STRONG><a name="[44]"></a>DMA2_Stream2_IRQHandler</STRONG> (Thumb, 0 bytes, Stack size 0 bytes, startup_stm32f4xx.o(.text))
<BR>[Address Reference Count : 1]<UL><LI> startup_stm32f4xx.o(RESET)
</UL>
<P><STRONG><a name="[45]"></a>DMA2_Stream3_IRQHandler</STRONG> (Thumb, 0 bytes, Stack size 0 bytes, startup_stm32f4xx.o(.text))
<BR>[Address Reference Count : 1]<UL><LI> startup_stm32f4xx.o(RESET)
</UL>
<P><STRONG><a name="[46]"></a>DMA2_Stream4_IRQHandler</STRONG> (Thumb, 0 bytes, Stack size 0 bytes, startup_stm32f4xx.o(.text))
<BR>[Address Reference Count : 1]<UL><LI> startup_stm32f4xx.o(RESET)
</UL>
<P><STRONG><a name="[4e]"></a>DMA2_Stream5_IRQHandler</STRONG> (Thumb, 0 bytes, Stack size 0 bytes, startup_stm32f4xx.o(.text))
<BR>[Address Reference Count : 1]<UL><LI> startup_stm32f4xx.o(RESET)
</UL>
<P><STRONG><a name="[4f]"></a>DMA2_Stream6_IRQHandler</STRONG> (Thumb, 0 bytes, Stack size 0 bytes, startup_stm32f4xx.o(.text))
<BR>[Address Reference Count : 1]<UL><LI> startup_stm32f4xx.o(RESET)
</UL>
<P><STRONG><a name="[50]"></a>DMA2_Stream7_IRQHandler</STRONG> (Thumb, 0 bytes, Stack size 0 bytes, startup_stm32f4xx.o(.text))
<BR>[Address Reference Count : 1]<UL><LI> startup_stm32f4xx.o(RESET)
</UL>
<P><STRONG><a name="[47]"></a>ETH_IRQHandler</STRONG> (Thumb, 0 bytes, Stack size 0 bytes, startup_stm32f4xx.o(.text))
<BR>[Address Reference Count : 1]<UL><LI> startup_stm32f4xx.o(RESET)
</UL>
<P><STRONG><a name="[48]"></a>ETH_WKUP_IRQHandler</STRONG> (Thumb, 0 bytes, Stack size 0 bytes, startup_stm32f4xx.o(.text))
<BR>[Address Reference Count : 1]<UL><LI> startup_stm32f4xx.o(RESET)
</UL>
<P><STRONG><a name="[10]"></a>EXTI0_IRQHandler</STRONG> (Thumb, 0 bytes, Stack size 0 bytes, startup_stm32f4xx.o(.text))
<BR>[Address Reference Count : 1]<UL><LI> startup_stm32f4xx.o(RESET)
</UL>
<P><STRONG><a name="[32]"></a>EXTI15_10_IRQHandler</STRONG> (Thumb, 0 bytes, Stack size 0 bytes, startup_stm32f4xx.o(.text))
<BR>[Address Reference Count : 1]<UL><LI> startup_stm32f4xx.o(RESET)
</UL>
<P><STRONG><a name="[11]"></a>EXTI1_IRQHandler</STRONG> (Thumb, 0 bytes, Stack size 0 bytes, startup_stm32f4xx.o(.text))
<BR>[Address Reference Count : 1]<UL><LI> startup_stm32f4xx.o(RESET)
</UL>
<P><STRONG><a name="[12]"></a>EXTI2_IRQHandler</STRONG> (Thumb, 0 bytes, Stack size 0 bytes, startup_stm32f4xx.o(.text))
<BR>[Address Reference Count : 1]<UL><LI> startup_stm32f4xx.o(RESET)
</UL>
<P><STRONG><a name="[13]"></a>EXTI3_IRQHandler</STRONG> (Thumb, 0 bytes, Stack size 0 bytes, startup_stm32f4xx.o(.text))
<BR>[Address Reference Count : 1]<UL><LI> startup_stm32f4xx.o(RESET)
</UL>
<P><STRONG><a name="[14]"></a>EXTI4_IRQHandler</STRONG> (Thumb, 0 bytes, Stack size 0 bytes, startup_stm32f4xx.o(.text))
<BR>[Address Reference Count : 1]<UL><LI> startup_stm32f4xx.o(RESET)
</UL>
<P><STRONG><a name="[21]"></a>EXTI9_5_IRQHandler</STRONG> (Thumb, 0 bytes, Stack size 0 bytes, startup_stm32f4xx.o(.text))
<BR>[Address Reference Count : 1]<UL><LI> startup_stm32f4xx.o(RESET)
</UL>
<P><STRONG><a name="[e]"></a>FLASH_IRQHandler</STRONG> (Thumb, 0 bytes, Stack size 0 bytes, startup_stm32f4xx.o(.text))
<BR>[Address Reference Count : 1]<UL><LI> startup_stm32f4xx.o(RESET)
</UL>
<P><STRONG><a name="[5b]"></a>FPU_IRQHandler</STRONG> (Thumb, 0 bytes, Stack size 0 bytes, startup_stm32f4xx.o(.text))
<BR>[Address Reference Count : 1]<UL><LI> startup_stm32f4xx.o(RESET)
</UL>
<P><STRONG><a name="[3a]"></a>FSMC_IRQHandler</STRONG> (Thumb, 0 bytes, Stack size 0 bytes, startup_stm32f4xx.o(.text))
<BR>[Address Reference Count : 1]<UL><LI> startup_stm32f4xx.o(RESET)
</UL>
<P><STRONG><a name="[5a]"></a>HASH_RNG_IRQHandler</STRONG> (Thumb, 0 bytes, Stack size 0 bytes, startup_stm32f4xx.o(.text))
<BR>[Address Reference Count : 1]<UL><LI> startup_stm32f4xx.o(RESET)
</UL>
<P><STRONG><a name="[2a]"></a>I2C1_ER_IRQHandler</STRONG> (Thumb, 0 bytes, Stack size 0 bytes, startup_stm32f4xx.o(.text))
<BR>[Address Reference Count : 1]<UL><LI> startup_stm32f4xx.o(RESET)
</UL>
<P><STRONG><a name="[29]"></a>I2C1_EV_IRQHandler</STRONG> (Thumb, 0 bytes, Stack size 0 bytes, startup_stm32f4xx.o(.text))
<BR>[Address Reference Count : 1]<UL><LI> startup_stm32f4xx.o(RESET)
</UL>
<P><STRONG><a name="[2c]"></a>I2C2_ER_IRQHandler</STRONG> (Thumb, 0 bytes, Stack size 0 bytes, startup_stm32f4xx.o(.text))
<BR>[Address Reference Count : 1]<UL><LI> startup_stm32f4xx.o(RESET)
</UL>
<P><STRONG><a name="[2b]"></a>I2C2_EV_IRQHandler</STRONG> (Thumb, 0 bytes, Stack size 0 bytes, startup_stm32f4xx.o(.text))
<BR>[Address Reference Count : 1]<UL><LI> startup_stm32f4xx.o(RESET)
</UL>
<P><STRONG><a name="[53]"></a>I2C3_ER_IRQHandler</STRONG> (Thumb, 0 bytes, Stack size 0 bytes, startup_stm32f4xx.o(.text))
<BR>[Address Reference Count : 1]<UL><LI> startup_stm32f4xx.o(RESET)
</UL>
<P><STRONG><a name="[52]"></a>I2C3_EV_IRQHandler</STRONG> (Thumb, 0 bytes, Stack size 0 bytes, startup_stm32f4xx.o(.text))
<BR>[Address Reference Count : 1]<UL><LI> startup_stm32f4xx.o(RESET)
</UL>
<P><STRONG><a name="[4d]"></a>OTG_FS_IRQHandler</STRONG> (Thumb, 0 bytes, Stack size 0 bytes, startup_stm32f4xx.o(.text))
<BR>[Address Reference Count : 1]<UL><LI> startup_stm32f4xx.o(RESET)
</UL>
<P><STRONG><a name="[34]"></a>OTG_FS_WKUP_IRQHandler</STRONG> (Thumb, 0 bytes, Stack size 0 bytes, startup_stm32f4xx.o(.text))
<BR>[Address Reference Count : 1]<UL><LI> startup_stm32f4xx.o(RESET)
</UL>
<P><STRONG><a name="[55]"></a>OTG_HS_EP1_IN_IRQHandler</STRONG> (Thumb, 0 bytes, Stack size 0 bytes, startup_stm32f4xx.o(.text))
<BR>[Address Reference Count : 1]<UL><LI> startup_stm32f4xx.o(RESET)
</UL>
<P><STRONG><a name="[54]"></a>OTG_HS_EP1_OUT_IRQHandler</STRONG> (Thumb, 0 bytes, Stack size 0 bytes, startup_stm32f4xx.o(.text))
<BR>[Address Reference Count : 1]<UL><LI> startup_stm32f4xx.o(RESET)
</UL>
<P><STRONG><a name="[57]"></a>OTG_HS_IRQHandler</STRONG> (Thumb, 0 bytes, Stack size 0 bytes, startup_stm32f4xx.o(.text))
<BR>[Address Reference Count : 1]<UL><LI> startup_stm32f4xx.o(RESET)
</UL>
<P><STRONG><a name="[56]"></a>OTG_HS_WKUP_IRQHandler</STRONG> (Thumb, 0 bytes, Stack size 0 bytes, startup_stm32f4xx.o(.text))
<BR>[Address Reference Count : 1]<UL><LI> startup_stm32f4xx.o(RESET)
</UL>
<P><STRONG><a name="[b]"></a>PVD_IRQHandler</STRONG> (Thumb, 0 bytes, Stack size 0 bytes, startup_stm32f4xx.o(.text))
<BR>[Address Reference Count : 1]<UL><LI> startup_stm32f4xx.o(RESET)
</UL>
<P><STRONG><a name="[f]"></a>RCC_IRQHandler</STRONG> (Thumb, 0 bytes, Stack size 0 bytes, startup_stm32f4xx.o(.text))
<BR>[Address Reference Count : 1]<UL><LI> startup_stm32f4xx.o(RESET)
</UL>
<P><STRONG><a name="[33]"></a>RTC_Alarm_IRQHandler</STRONG> (Thumb, 0 bytes, Stack size 0 bytes, startup_stm32f4xx.o(.text))
<BR>[Address Reference Count : 1]<UL><LI> startup_stm32f4xx.o(RESET)
</UL>
<P><STRONG><a name="[d]"></a>RTC_WKUP_IRQHandler</STRONG> (Thumb, 0 bytes, Stack size 0 bytes, startup_stm32f4xx.o(.text))
<BR>[Address Reference Count : 1]<UL><LI> startup_stm32f4xx.o(RESET)
</UL>
<P><STRONG><a name="[3b]"></a>SDIO_IRQHandler</STRONG> (Thumb, 0 bytes, Stack size 0 bytes, startup_stm32f4xx.o(.text))
<BR>[Address Reference Count : 1]<UL><LI> startup_stm32f4xx.o(RESET)
</UL>
<P><STRONG><a name="[2d]"></a>SPI1_IRQHandler</STRONG> (Thumb, 0 bytes, Stack size 0 bytes, startup_stm32f4xx.o(.text))
<BR>[Address Reference Count : 1]<UL><LI> startup_stm32f4xx.o(RESET)
</UL>
<P><STRONG><a name="[2e]"></a>SPI2_IRQHandler</STRONG> (Thumb, 0 bytes, Stack size 0 bytes, startup_stm32f4xx.o(.text))
<BR>[Address Reference Count : 1]<UL><LI> startup_stm32f4xx.o(RESET)
</UL>
<P><STRONG><a name="[3d]"></a>SPI3_IRQHandler</STRONG> (Thumb, 0 bytes, Stack size 0 bytes, startup_stm32f4xx.o(.text))
<BR>[Address Reference Count : 1]<UL><LI> startup_stm32f4xx.o(RESET)
</UL>
<P><STRONG><a name="[c]"></a>TAMP_STAMP_IRQHandler</STRONG> (Thumb, 0 bytes, Stack size 0 bytes, startup_stm32f4xx.o(.text))
<BR>[Address Reference Count : 1]<UL><LI> startup_stm32f4xx.o(RESET)
</UL>
<P><STRONG><a name="[22]"></a>TIM1_BRK_TIM9_IRQHandler</STRONG> (Thumb, 0 bytes, Stack size 0 bytes, startup_stm32f4xx.o(.text))
<BR>[Address Reference Count : 1]<UL><LI> startup_stm32f4xx.o(RESET)
</UL>
<P><STRONG><a name="[25]"></a>TIM1_CC_IRQHandler</STRONG> (Thumb, 0 bytes, Stack size 0 bytes, startup_stm32f4xx.o(.text))
<BR>[Address Reference Count : 1]<UL><LI> startup_stm32f4xx.o(RESET)
</UL>
<P><STRONG><a name="[24]"></a>TIM1_TRG_COM_TIM11_IRQHandler</STRONG> (Thumb, 0 bytes, Stack size 0 bytes, startup_stm32f4xx.o(.text))
<BR>[Address Reference Count : 1]<UL><LI> startup_stm32f4xx.o(RESET)
</UL>
<P><STRONG><a name="[23]"></a>TIM1_UP_TIM10_IRQHandler</STRONG> (Thumb, 0 bytes, Stack size 0 bytes, startup_stm32f4xx.o(.text))
<BR>[Address Reference Count : 1]<UL><LI> startup_stm32f4xx.o(RESET)
</UL>
<P><STRONG><a name="[26]"></a>TIM2_IRQHandler</STRONG> (Thumb, 0 bytes, Stack size 0 bytes, startup_stm32f4xx.o(.text))
<BR>[Address Reference Count : 1]<UL><LI> startup_stm32f4xx.o(RESET)
</UL>
<P><STRONG><a name="[27]"></a>TIM3_IRQHandler</STRONG> (Thumb, 0 bytes, Stack size 0 bytes, startup_stm32f4xx.o(.text))
<BR>[Address Reference Count : 1]<UL><LI> startup_stm32f4xx.o(RESET)
</UL>
<P><STRONG><a name="[28]"></a>TIM4_IRQHandler</STRONG> (Thumb, 0 bytes, Stack size 0 bytes, startup_stm32f4xx.o(.text))
<BR>[Address Reference Count : 1]<UL><LI> startup_stm32f4xx.o(RESET)
</UL>
<P><STRONG><a name="[3c]"></a>TIM5_IRQHandler</STRONG> (Thumb, 0 bytes, Stack size 0 bytes, startup_stm32f4xx.o(.text))
<BR>[Address Reference Count : 1]<UL><LI> startup_stm32f4xx.o(RESET)
</UL>
<P><STRONG><a name="[40]"></a>TIM6_DAC_IRQHandler</STRONG> (Thumb, 0 bytes, Stack size 0 bytes, startup_stm32f4xx.o(.text))
<BR>[Address Reference Count : 1]<UL><LI> startup_stm32f4xx.o(RESET)
</UL>
<P><STRONG><a name="[41]"></a>TIM7_IRQHandler</STRONG> (Thumb, 0 bytes, Stack size 0 bytes, startup_stm32f4xx.o(.text))
<BR>[Address Reference Count : 1]<UL><LI> startup_stm32f4xx.o(RESET)
</UL>
<P><STRONG><a name="[35]"></a>TIM8_BRK_TIM12_IRQHandler</STRONG> (Thumb, 0 bytes, Stack size 0 bytes, startup_stm32f4xx.o(.text))
<BR>[Address Reference Count : 1]<UL><LI> startup_stm32f4xx.o(RESET)
</UL>
<P><STRONG><a name="[38]"></a>TIM8_CC_IRQHandler</STRONG> (Thumb, 0 bytes, Stack size 0 bytes, startup_stm32f4xx.o(.text))
<BR>[Address Reference Count : 1]<UL><LI> startup_stm32f4xx.o(RESET)
</UL>
<P><STRONG><a name="[37]"></a>TIM8_TRG_COM_TIM14_IRQHandler</STRONG> (Thumb, 0 bytes, Stack size 0 bytes, startup_stm32f4xx.o(.text))
<BR>[Address Reference Count : 1]<UL><LI> startup_stm32f4xx.o(RESET)
</UL>
<P><STRONG><a name="[36]"></a>TIM8_UP_TIM13_IRQHandler</STRONG> (Thumb, 0 bytes, Stack size 0 bytes, startup_stm32f4xx.o(.text))
<BR>[Address Reference Count : 1]<UL><LI> startup_stm32f4xx.o(RESET)
</UL>
<P><STRONG><a name="[51]"></a>USART6_IRQHandler</STRONG> (Thumb, 0 bytes, Stack size 0 bytes, startup_stm32f4xx.o(.text))
<BR>[Address Reference Count : 1]<UL><LI> startup_stm32f4xx.o(RESET)
</UL>
<P><STRONG><a name="[a]"></a>WWDG_IRQHandler</STRONG> (Thumb, 0 bytes, Stack size 0 bytes, startup_stm32f4xx.o(.text))
<BR>[Address Reference Count : 1]<UL><LI> startup_stm32f4xx.o(RESET)
</UL>
<P><STRONG><a name="[fa]"></a>__aeabi_memcpy</STRONG> (Thumb, 36 bytes, Stack size 0 bytes, memcpya.o(.text))
<BR><BR>[Called By]<UL><LI><a href="#[f6]">&gt;&gt;</a>&nbsp;&nbsp;&nbsp;usartx_write
<LI><a href="#[f5]">&gt;&gt;</a>&nbsp;&nbsp;&nbsp;usartx_read
</UL>

<P><STRONG><a name="[101]"></a>__aeabi_memcpy4</STRONG> (Thumb, 0 bytes, Stack size 0 bytes, memcpya.o(.text), UNUSED)

<P><STRONG><a name="[102]"></a>__aeabi_memcpy8</STRONG> (Thumb, 0 bytes, Stack size 0 bytes, memcpya.o(.text), UNUSED)

<P><STRONG><a name="[8e]"></a>__aeabi_memset</STRONG> (Thumb, 14 bytes, Stack size 0 bytes, memseta.o(.text))
<BR><BR>[Called By]<UL><LI><a href="#[8f]">&gt;&gt;</a>&nbsp;&nbsp;&nbsp;_memset$wrapper
<LI><a href="#[8d]">&gt;&gt;</a>&nbsp;&nbsp;&nbsp;__aeabi_memclr
</UL>

<P><STRONG><a name="[103]"></a>__aeabi_memset4</STRONG> (Thumb, 0 bytes, Stack size 0 bytes, memseta.o(.text), UNUSED)

<P><STRONG><a name="[104]"></a>__aeabi_memset8</STRONG> (Thumb, 0 bytes, Stack size 0 bytes, memseta.o(.text), UNUSED)

<P><STRONG><a name="[8d]"></a>__aeabi_memclr</STRONG> (Thumb, 4 bytes, Stack size 0 bytes, memseta.o(.text))
<BR><BR>[Calls]<UL><LI><a href="#[8e]">&gt;&gt;</a>&nbsp;&nbsp;&nbsp;__aeabi_memset
</UL>
<BR>[Called By]<UL><LI><a href="#[d5]">&gt;&gt;</a>&nbsp;&nbsp;&nbsp;get_exterflash_crc
</UL>

<P><STRONG><a name="[e3]"></a>__aeabi_memclr4</STRONG> (Thumb, 0 bytes, Stack size 0 bytes, memseta.o(.text))
<BR><BR>[Called By]<UL><LI><a href="#[e5]">&gt;&gt;</a>&nbsp;&nbsp;&nbsp;modbus_read_data
<LI><a href="#[5c]">&gt;&gt;</a>&nbsp;&nbsp;&nbsp;main
</UL>

<P><STRONG><a name="[105]"></a>__aeabi_memclr8</STRONG> (Thumb, 0 bytes, Stack size 0 bytes, memseta.o(.text), UNUSED)

<P><STRONG><a name="[8f]"></a>_memset$wrapper</STRONG> (Thumb, 20 bytes, Stack size 8 bytes, memseta.o(.text), UNUSED)
<BR><BR>[Calls]<UL><LI><a href="#[8e]">&gt;&gt;</a>&nbsp;&nbsp;&nbsp;__aeabi_memset
</UL>

<P><STRONG><a name="[ea]"></a>strcmp</STRONG> (Thumb, 28 bytes, Stack size 8 bytes, strcmp.o(.text))
<BR><BR>[Stack]<UL><LI>Max Depth = 8<LI>Call Chain = strcmp
</UL>
<BR>[Called By]<UL><LI><a href="#[e4]">&gt;&gt;</a>&nbsp;&nbsp;&nbsp;open
</UL>

<P><STRONG><a name="[90]"></a>__aeabi_fdiv</STRONG> (Thumb, 128 bytes, Stack size 8 bytes, fdiv.o(.text))
<BR><BR>[Stack]<UL><LI>Max Depth = 8<LI>Call Chain = __aeabi_fdiv
</UL>
<BR>[Calls]<UL><LI><a href="#[91]">&gt;&gt;</a>&nbsp;&nbsp;&nbsp;_float_round
</UL>
<BR>[Called By]<UL><LI><a href="#[f3]">&gt;&gt;</a>&nbsp;&nbsp;&nbsp;usartx_ioctl
</UL>

<P><STRONG><a name="[92]"></a>__aeabi_ui2f</STRONG> (Thumb, 10 bytes, Stack size 0 bytes, ffltui.o(.text))
<BR><BR>[Stack]<UL><LI>Max Depth = 4<LI>Call Chain = __aeabi_ui2f &rArr; _float_epilogue
</UL>
<BR>[Calls]<UL><LI><a href="#[93]">&gt;&gt;</a>&nbsp;&nbsp;&nbsp;_float_epilogue
</UL>
<BR>[Called By]<UL><LI><a href="#[f3]">&gt;&gt;</a>&nbsp;&nbsp;&nbsp;usartx_ioctl
</UL>

<P><STRONG><a name="[f8]"></a>__aeabi_f2uiz</STRONG> (Thumb, 40 bytes, Stack size 0 bytes, ffixui.o(.text))
<BR><BR>[Called By]<UL><LI><a href="#[f3]">&gt;&gt;</a>&nbsp;&nbsp;&nbsp;usartx_ioctl
</UL>

<P><STRONG><a name="[106]"></a>__I$use$fp</STRONG> (Thumb, 0 bytes, Stack size 0 bytes, iusefp.o(.text), UNUSED)

<P><STRONG><a name="[91]"></a>_float_round</STRONG> (Thumb, 18 bytes, Stack size 0 bytes, fepilogue.o(.text))
<BR><BR>[Called By]<UL><LI><a href="#[90]">&gt;&gt;</a>&nbsp;&nbsp;&nbsp;__aeabi_fdiv
</UL>

<P><STRONG><a name="[93]"></a>_float_epilogue</STRONG> (Thumb, 90 bytes, Stack size 4 bytes, fepilogue.o(.text))
<BR><BR>[Stack]<UL><LI>Max Depth = 4<LI>Call Chain = _float_epilogue
</UL>
<BR>[Called By]<UL><LI><a href="#[92]">&gt;&gt;</a>&nbsp;&nbsp;&nbsp;__aeabi_ui2f
</UL>

<P><STRONG><a name="[8c]"></a>__scatterload</STRONG> (Thumb, 28 bytes, Stack size 0 bytes, init.o(.text))
<BR><BR>[Calls]<UL><LI><a href="#[94]">&gt;&gt;</a>&nbsp;&nbsp;&nbsp;__main_after_scatterload
</UL>
<BR>[Called By]<UL><LI><a href="#[8b]">&gt;&gt;</a>&nbsp;&nbsp;&nbsp;_main_scatterload
</UL>

<P><STRONG><a name="[107]"></a>__scatterload_rt2</STRONG> (Thumb, 0 bytes, Stack size 0 bytes, init.o(.text), UNUSED)

<P><STRONG><a name="[4]"></a>BusFault_Handler</STRONG> (Thumb, 2 bytes, Stack size 0 bytes, stm32f4xx_it.o(i.BusFault_Handler))
<BR><BR>[Calls]<UL><LI><a href="#[4]">&gt;&gt;</a>&nbsp;&nbsp;&nbsp;BusFault_Handler
</UL>
<BR>[Called By]<UL><LI><a href="#[4]">&gt;&gt;</a>&nbsp;&nbsp;&nbsp;BusFault_Handler
</UL>
<BR>[Address Reference Count : 1]<UL><LI> startup_stm32f4xx.o(RESET)
</UL>
<P><STRONG><a name="[e2]"></a>CRC_CalcBlockCRC</STRONG> (Thumb, 24 bytes, Stack size 8 bytes, stm32f4xx_crc.o(i.CRC_CalcBlockCRC))
<BR><BR>[Stack]<UL><LI>Max Depth = 8<LI>Call Chain = CRC_CalcBlockCRC
</UL>
<BR>[Called By]<UL><LI><a href="#[d1]">&gt;&gt;</a>&nbsp;&nbsp;&nbsp;get_interflash_crc
<LI><a href="#[d5]">&gt;&gt;</a>&nbsp;&nbsp;&nbsp;get_exterflash_crc
</UL>

<P><STRONG><a name="[e1]"></a>CRC_ResetDR</STRONG> (Thumb, 8 bytes, Stack size 0 bytes, stm32f4xx_crc.o(i.CRC_ResetDR))
<BR><BR>[Called By]<UL><LI><a href="#[d1]">&gt;&gt;</a>&nbsp;&nbsp;&nbsp;get_interflash_crc
<LI><a href="#[d5]">&gt;&gt;</a>&nbsp;&nbsp;&nbsp;get_exterflash_crc
</UL>

<P><STRONG><a name="[7]"></a>DebugMon_Handler</STRONG> (Thumb, 2 bytes, Stack size 0 bytes, stm32f4xx_it.o(i.DebugMon_Handler))
<BR>[Address Reference Count : 1]<UL><LI> startup_stm32f4xx.o(RESET)
</UL>
<P><STRONG><a name="[80]"></a>EEPROM_close</STRONG> (Thumb, 32 bytes, Stack size 8 bytes, eeprom.o(i.EEPROM_close))
<BR><BR>[Stack]<UL><LI>Max Depth = 16<LI>Call Chain = EEPROM_close &rArr; SPI_I2S_DeInit
</UL>
<BR>[Calls]<UL><LI><a href="#[95]">&gt;&gt;</a>&nbsp;&nbsp;&nbsp;SPI_I2S_DeInit
<LI><a href="#[96]">&gt;&gt;</a>&nbsp;&nbsp;&nbsp;RCC_APB1PeriphClockCmd
</UL>
<BR>[Address Reference Count : 1]<UL><LI> device.o(.constdata)
</UL>
<P><STRONG><a name="[97]"></a>EEPROM_init</STRONG> (Thumb, 216 bytes, Stack size 56 bytes, eeprom.o(i.EEPROM_init))
<BR><BR>[Stack]<UL><LI>Max Depth = 104<LI>Call Chain = EEPROM_init &rArr; EEPROM_ioctl &rArr; SPI_EEPROM_WriteEnable &rArr; SPI_EEPROM_SendByte
</UL>
<BR>[Calls]<UL><LI><a href="#[9b]">&gt;&gt;</a>&nbsp;&nbsp;&nbsp;SPI_Init
<LI><a href="#[9c]">&gt;&gt;</a>&nbsp;&nbsp;&nbsp;SPI_Cmd
<LI><a href="#[9a]">&gt;&gt;</a>&nbsp;&nbsp;&nbsp;GPIO_SetBits
<LI><a href="#[99]">&gt;&gt;</a>&nbsp;&nbsp;&nbsp;GPIO_PinAFConfig
<LI><a href="#[96]">&gt;&gt;</a>&nbsp;&nbsp;&nbsp;RCC_APB1PeriphClockCmd
<LI><a href="#[98]">&gt;&gt;</a>&nbsp;&nbsp;&nbsp;GPIO_Init
<LI><a href="#[7e]">&gt;&gt;</a>&nbsp;&nbsp;&nbsp;EEPROM_ioctl
</UL>
<BR>[Called By]<UL><LI><a href="#[7f]">&gt;&gt;</a>&nbsp;&nbsp;&nbsp;EEPROM_open
</UL>

<P><STRONG><a name="[7e]"></a>EEPROM_ioctl</STRONG> (Thumb, 66 bytes, Stack size 16 bytes, eeprom.o(i.EEPROM_ioctl))
<BR><BR>[Stack]<UL><LI>Max Depth = 48<LI>Call Chain = EEPROM_ioctl &rArr; SPI_EEPROM_WriteEnable &rArr; SPI_EEPROM_SendByte
</UL>
<BR>[Calls]<UL><LI><a href="#[9a]">&gt;&gt;</a>&nbsp;&nbsp;&nbsp;GPIO_SetBits
<LI><a href="#[9f]">&gt;&gt;</a>&nbsp;&nbsp;&nbsp;GPIO_ResetBits
<LI><a href="#[9e]">&gt;&gt;</a>&nbsp;&nbsp;&nbsp;SPI_EEPROM_WriteEnable
<LI><a href="#[a0]">&gt;&gt;</a>&nbsp;&nbsp;&nbsp;SPI_EEPROM_SendByte
<LI><a href="#[9d]">&gt;&gt;</a>&nbsp;&nbsp;&nbsp;IS_VALID_EEPROM_PROCODE
</UL>
<BR>[Called By]<UL><LI><a href="#[97]">&gt;&gt;</a>&nbsp;&nbsp;&nbsp;EEPROM_init
</UL>
<BR>[Address Reference Count : 1]<UL><LI> device.o(.constdata)
</UL>
<P><STRONG><a name="[7b]"></a>EEPROM_lseek</STRONG> (Thumb, 128 bytes, Stack size 20 bytes, eeprom.o(i.EEPROM_lseek))
<BR><BR>[Stack]<UL><LI>Max Depth = 20<LI>Call Chain = EEPROM_lseek
</UL>
<BR>[Address Reference Count : 1]<UL><LI> device.o(.constdata)
</UL>
<P><STRONG><a name="[7f]"></a>EEPROM_open</STRONG> (Thumb, 34 bytes, Stack size 16 bytes, eeprom.o(i.EEPROM_open))
<BR><BR>[Stack]<UL><LI>Max Depth = 120<LI>Call Chain = EEPROM_open &rArr; EEPROM_init &rArr; EEPROM_ioctl &rArr; SPI_EEPROM_WriteEnable &rArr; SPI_EEPROM_SendByte
</UL>
<BR>[Calls]<UL><LI><a href="#[97]">&gt;&gt;</a>&nbsp;&nbsp;&nbsp;EEPROM_init
</UL>
<BR>[Address Reference Count : 1]<UL><LI> device.o(.constdata)
</UL>
<P><STRONG><a name="[7c]"></a>EEPROM_read</STRONG> (Thumb, 120 bytes, Stack size 32 bytes, eeprom.o(i.EEPROM_read))
<BR><BR>[Stack]<UL><LI>Max Depth = 48<LI>Call Chain = EEPROM_read &rArr; SPI_EEPROM_SendByte
</UL>
<BR>[Calls]<UL><LI><a href="#[9a]">&gt;&gt;</a>&nbsp;&nbsp;&nbsp;GPIO_SetBits
<LI><a href="#[9f]">&gt;&gt;</a>&nbsp;&nbsp;&nbsp;GPIO_ResetBits
<LI><a href="#[a0]">&gt;&gt;</a>&nbsp;&nbsp;&nbsp;SPI_EEPROM_SendByte
<LI><a href="#[a1]">&gt;&gt;</a>&nbsp;&nbsp;&nbsp;SPI_EEPROM_ReadByte
</UL>
<BR>[Address Reference Count : 1]<UL><LI> device.o(.constdata)
</UL>
<P><STRONG><a name="[7d]"></a>EEPROM_write</STRONG> (Thumb, 58 bytes, Stack size 16 bytes, eeprom.o(i.EEPROM_write))
<BR><BR>[Stack]<UL><LI>Max Depth = 72<LI>Call Chain = EEPROM_write &rArr; SPI_EEPROM_Write &rArr; SPI_EEPROM_WriteEnable &rArr; SPI_EEPROM_SendByte
</UL>
<BR>[Calls]<UL><LI><a href="#[a2]">&gt;&gt;</a>&nbsp;&nbsp;&nbsp;SPI_EEPROM_Write
</UL>
<BR>[Address Reference Count : 1]<UL><LI> device.o(.constdata)
</UL>
<P><STRONG><a name="[ec]"></a>FLASH_ClearFlag</STRONG> (Thumb, 6 bytes, Stack size 0 bytes, stm32f4xx_flash.o(i.FLASH_ClearFlag))
<BR><BR>[Called By]<UL><LI><a href="#[da]">&gt;&gt;</a>&nbsp;&nbsp;&nbsp;program_page
</UL>

<P><STRONG><a name="[a3]"></a>FLASH_DisableWriteProtectionPages</STRONG> (Thumb, 38 bytes, Stack size 8 bytes, main.o(i.FLASH_DisableWriteProtectionPages))
<BR><BR>[Stack]<UL><LI>Max Depth = 20<LI>Call Chain = FLASH_DisableWriteProtectionPages &rArr; FLASH_OB_WRPConfig &rArr; FLASH_WaitForLastOperation
</UL>
<BR>[Calls]<UL><LI><a href="#[a6]">&gt;&gt;</a>&nbsp;&nbsp;&nbsp;FLASH_OB_WRPConfig
<LI><a href="#[a5]">&gt;&gt;</a>&nbsp;&nbsp;&nbsp;FLASH_OB_Unlock
<LI><a href="#[a7]">&gt;&gt;</a>&nbsp;&nbsp;&nbsp;FLASH_OB_Launch
<LI><a href="#[a4]">&gt;&gt;</a>&nbsp;&nbsp;&nbsp;GetSector
</UL>
<BR>[Called By]<UL><LI><a href="#[5c]">&gt;&gt;</a>&nbsp;&nbsp;&nbsp;main
</UL>

<P><STRONG><a name="[a8]"></a>FLASH_EraseSector</STRONG> (Thumb, 104 bytes, Stack size 12 bytes, stm32f4xx_flash.o(i.FLASH_EraseSector))
<BR><BR>[Stack]<UL><LI>Max Depth = 16<LI>Call Chain = FLASH_EraseSector &rArr; FLASH_WaitForLastOperation
</UL>
<BR>[Calls]<UL><LI><a href="#[a9]">&gt;&gt;</a>&nbsp;&nbsp;&nbsp;FLASH_WaitForLastOperation
</UL>
<BR>[Called By]<UL><LI><a href="#[e0]">&gt;&gt;</a>&nbsp;&nbsp;&nbsp;erase_page
</UL>

<P><STRONG><a name="[ab]"></a>FLASH_GetStatus</STRONG> (Thumb, 46 bytes, Stack size 0 bytes, stm32f4xx_flash.o(i.FLASH_GetStatus))
<BR><BR>[Called By]<UL><LI><a href="#[a9]">&gt;&gt;</a>&nbsp;&nbsp;&nbsp;FLASH_WaitForLastOperation
</UL>

<P><STRONG><a name="[ee]"></a>FLASH_Lock</STRONG> (Thumb, 12 bytes, Stack size 0 bytes, stm32f4xx_flash.o(i.FLASH_Lock))
<BR><BR>[Called By]<UL><LI><a href="#[da]">&gt;&gt;</a>&nbsp;&nbsp;&nbsp;program_page
</UL>

<P><STRONG><a name="[a7]"></a>FLASH_OB_Launch</STRONG> (Thumb, 14 bytes, Stack size 0 bytes, stm32f4xx_flash.o(i.FLASH_OB_Launch))
<BR><BR>[Stack]<UL><LI>Max Depth = 4<LI>Call Chain = FLASH_OB_Launch &rArr; FLASH_WaitForLastOperation
</UL>
<BR>[Calls]<UL><LI><a href="#[a9]">&gt;&gt;</a>&nbsp;&nbsp;&nbsp;FLASH_WaitForLastOperation
</UL>
<BR>[Called By]<UL><LI><a href="#[a3]">&gt;&gt;</a>&nbsp;&nbsp;&nbsp;FLASH_DisableWriteProtectionPages
</UL>

<P><STRONG><a name="[a5]"></a>FLASH_OB_Unlock</STRONG> (Thumb, 22 bytes, Stack size 0 bytes, stm32f4xx_flash.o(i.FLASH_OB_Unlock))
<BR><BR>[Called By]<UL><LI><a href="#[a3]">&gt;&gt;</a>&nbsp;&nbsp;&nbsp;FLASH_DisableWriteProtectionPages
</UL>

<P><STRONG><a name="[a6]"></a>FLASH_OB_WRPConfig</STRONG> (Thumb, 30 bytes, Stack size 8 bytes, stm32f4xx_flash.o(i.FLASH_OB_WRPConfig))
<BR><BR>[Stack]<UL><LI>Max Depth = 12<LI>Call Chain = FLASH_OB_WRPConfig &rArr; FLASH_WaitForLastOperation
</UL>
<BR>[Calls]<UL><LI><a href="#[a9]">&gt;&gt;</a>&nbsp;&nbsp;&nbsp;FLASH_WaitForLastOperation
</UL>
<BR>[Called By]<UL><LI><a href="#[a3]">&gt;&gt;</a>&nbsp;&nbsp;&nbsp;FLASH_DisableWriteProtectionPages
</UL>

<P><STRONG><a name="[aa]"></a>FLASH_ProgramWord</STRONG> (Thumb, 56 bytes, Stack size 12 bytes, stm32f4xx_flash.o(i.FLASH_ProgramWord))
<BR><BR>[Stack]<UL><LI>Max Depth = 16<LI>Call Chain = FLASH_ProgramWord &rArr; FLASH_WaitForLastOperation
</UL>
<BR>[Calls]<UL><LI><a href="#[a9]">&gt;&gt;</a>&nbsp;&nbsp;&nbsp;FLASH_WaitForLastOperation
</UL>
<BR>[Called By]<UL><LI><a href="#[cf]">&gt;&gt;</a>&nbsp;&nbsp;&nbsp;WritePage
</UL>

<P><STRONG><a name="[b4]"></a>FLASH_SetLatency</STRONG> (Thumb, 6 bytes, Stack size 0 bytes, stm32f4xx_flash.o(i.FLASH_SetLatency))
<BR><BR>[Called By]<UL><LI><a href="#[b0]">&gt;&gt;</a>&nbsp;&nbsp;&nbsp;RCC_Configuration
</UL>

<P><STRONG><a name="[eb]"></a>FLASH_Unlock</STRONG> (Thumb, 22 bytes, Stack size 0 bytes, stm32f4xx_flash.o(i.FLASH_Unlock))
<BR><BR>[Called By]<UL><LI><a href="#[da]">&gt;&gt;</a>&nbsp;&nbsp;&nbsp;program_page
</UL>

<P><STRONG><a name="[a9]"></a>FLASH_WaitForLastOperation</STRONG> (Thumb, 14 bytes, Stack size 4 bytes, stm32f4xx_flash.o(i.FLASH_WaitForLastOperation))
<BR><BR>[Stack]<UL><LI>Max Depth = 4<LI>Call Chain = FLASH_WaitForLastOperation
</UL>
<BR>[Calls]<UL><LI><a href="#[ab]">&gt;&gt;</a>&nbsp;&nbsp;&nbsp;FLASH_GetStatus
</UL>
<BR>[Called By]<UL><LI><a href="#[aa]">&gt;&gt;</a>&nbsp;&nbsp;&nbsp;FLASH_ProgramWord
<LI><a href="#[a6]">&gt;&gt;</a>&nbsp;&nbsp;&nbsp;FLASH_OB_WRPConfig
<LI><a href="#[a7]">&gt;&gt;</a>&nbsp;&nbsp;&nbsp;FLASH_OB_Launch
<LI><a href="#[a8]">&gt;&gt;</a>&nbsp;&nbsp;&nbsp;FLASH_EraseSector
</UL>

<P><STRONG><a name="[98]"></a>GPIO_Init</STRONG> (Thumb, 124 bytes, Stack size 20 bytes, stm32f4xx_gpio.o(i.GPIO_Init))
<BR><BR>[Stack]<UL><LI>Max Depth = 20<LI>Call Chain = GPIO_Init
</UL>
<BR>[Called By]<UL><LI><a href="#[97]">&gt;&gt;</a>&nbsp;&nbsp;&nbsp;EEPROM_init
<LI><a href="#[df]">&gt;&gt;</a>&nbsp;&nbsp;&nbsp;init_interface
<LI><a href="#[88]">&gt;&gt;</a>&nbsp;&nbsp;&nbsp;extwdg_open
<LI><a href="#[89]">&gt;&gt;</a>&nbsp;&nbsp;&nbsp;extwdg_close
</UL>

<P><STRONG><a name="[99]"></a>GPIO_PinAFConfig</STRONG> (Thumb, 32 bytes, Stack size 8 bytes, stm32f4xx_gpio.o(i.GPIO_PinAFConfig))
<BR><BR>[Stack]<UL><LI>Max Depth = 8<LI>Call Chain = GPIO_PinAFConfig
</UL>
<BR>[Called By]<UL><LI><a href="#[97]">&gt;&gt;</a>&nbsp;&nbsp;&nbsp;EEPROM_init
<LI><a href="#[df]">&gt;&gt;</a>&nbsp;&nbsp;&nbsp;init_interface
</UL>

<P><STRONG><a name="[9f]"></a>GPIO_ResetBits</STRONG> (Thumb, 4 bytes, Stack size 0 bytes, stm32f4xx_gpio.o(i.GPIO_ResetBits))
<BR><BR>[Called By]<UL><LI><a href="#[9e]">&gt;&gt;</a>&nbsp;&nbsp;&nbsp;SPI_EEPROM_WriteEnable
<LI><a href="#[a2]">&gt;&gt;</a>&nbsp;&nbsp;&nbsp;SPI_EEPROM_Write
<LI><a href="#[df]">&gt;&gt;</a>&nbsp;&nbsp;&nbsp;init_interface
<LI><a href="#[88]">&gt;&gt;</a>&nbsp;&nbsp;&nbsp;extwdg_open
<LI><a href="#[87]">&gt;&gt;</a>&nbsp;&nbsp;&nbsp;extwdg_ioctl
<LI><a href="#[7c]">&gt;&gt;</a>&nbsp;&nbsp;&nbsp;EEPROM_read
<LI><a href="#[7e]">&gt;&gt;</a>&nbsp;&nbsp;&nbsp;EEPROM_ioctl
<LI><a href="#[f6]">&gt;&gt;</a>&nbsp;&nbsp;&nbsp;usartx_write
<LI><a href="#[f3]">&gt;&gt;</a>&nbsp;&nbsp;&nbsp;usartx_ioctl
<LI><a href="#[c6]">&gt;&gt;</a>&nbsp;&nbsp;&nbsp;USARTX_IRQHandler
</UL>

<P><STRONG><a name="[9a]"></a>GPIO_SetBits</STRONG> (Thumb, 4 bytes, Stack size 0 bytes, stm32f4xx_gpio.o(i.GPIO_SetBits))
<BR><BR>[Called By]<UL><LI><a href="#[9e]">&gt;&gt;</a>&nbsp;&nbsp;&nbsp;SPI_EEPROM_WriteEnable
<LI><a href="#[a2]">&gt;&gt;</a>&nbsp;&nbsp;&nbsp;SPI_EEPROM_Write
<LI><a href="#[97]">&gt;&gt;</a>&nbsp;&nbsp;&nbsp;EEPROM_init
<LI><a href="#[df]">&gt;&gt;</a>&nbsp;&nbsp;&nbsp;init_interface
<LI><a href="#[87]">&gt;&gt;</a>&nbsp;&nbsp;&nbsp;extwdg_ioctl
<LI><a href="#[7c]">&gt;&gt;</a>&nbsp;&nbsp;&nbsp;EEPROM_read
<LI><a href="#[7e]">&gt;&gt;</a>&nbsp;&nbsp;&nbsp;EEPROM_ioctl
<LI><a href="#[f6]">&gt;&gt;</a>&nbsp;&nbsp;&nbsp;usartx_write
</UL>

<P><STRONG><a name="[2]"></a>HardFault_Handler</STRONG> (Thumb, 2 bytes, Stack size 0 bytes, stm32f4xx_it.o(i.HardFault_Handler))
<BR><BR>[Calls]<UL><LI><a href="#[2]">&gt;&gt;</a>&nbsp;&nbsp;&nbsp;HardFault_Handler
</UL>
<BR>[Called By]<UL><LI><a href="#[2]">&gt;&gt;</a>&nbsp;&nbsp;&nbsp;HardFault_Handler
</UL>
<BR>[Address Reference Count : 1]<UL><LI> startup_stm32f4xx.o(RESET)
</UL>
<P><STRONG><a name="[9d]"></a>IS_VALID_EEPROM_PROCODE</STRONG> (Thumb, 22 bytes, Stack size 0 bytes, eeprom.o(i.IS_VALID_EEPROM_PROCODE))
<BR><BR>[Called By]<UL><LI><a href="#[7e]">&gt;&gt;</a>&nbsp;&nbsp;&nbsp;EEPROM_ioctl
</UL>

<P><STRONG><a name="[e8]"></a>JumpUserApplication</STRONG> (Thumb, 16 bytes, Stack size 0 bytes, main.o(i.JumpUserApplication))
<BR><BR>[Called By]<UL><LI><a href="#[5c]">&gt;&gt;</a>&nbsp;&nbsp;&nbsp;main
</UL>

<P><STRONG><a name="[3]"></a>MemManage_Handler</STRONG> (Thumb, 2 bytes, Stack size 0 bytes, stm32f4xx_it.o(i.MemManage_Handler))
<BR><BR>[Calls]<UL><LI><a href="#[3]">&gt;&gt;</a>&nbsp;&nbsp;&nbsp;MemManage_Handler
</UL>
<BR>[Called By]<UL><LI><a href="#[3]">&gt;&gt;</a>&nbsp;&nbsp;&nbsp;MemManage_Handler
</UL>
<BR>[Address Reference Count : 1]<UL><LI> startup_stm32f4xx.o(RESET)
</UL>
<P><STRONG><a name="[1]"></a>NMI_Handler</STRONG> (Thumb, 2 bytes, Stack size 0 bytes, stm32f4xx_it.o(i.NMI_Handler))
<BR>[Address Reference Count : 1]<UL><LI> startup_stm32f4xx.o(RESET)
</UL>
<P><STRONG><a name="[ac]"></a>NVIC_Configuration</STRONG> (Thumb, 122 bytes, Stack size 16 bytes, device.o(i.NVIC_Configuration))
<BR><BR>[Stack]<UL><LI>Max Depth = 32<LI>Call Chain = NVIC_Configuration &rArr; NVIC_Init
</UL>
<BR>[Calls]<UL><LI><a href="#[ad]">&gt;&gt;</a>&nbsp;&nbsp;&nbsp;NVIC_SetVectorTable
<LI><a href="#[ae]">&gt;&gt;</a>&nbsp;&nbsp;&nbsp;NVIC_PriorityGroupConfig
<LI><a href="#[af]">&gt;&gt;</a>&nbsp;&nbsp;&nbsp;NVIC_Init
</UL>
<BR>[Called By]<UL><LI><a href="#[dd]">&gt;&gt;</a>&nbsp;&nbsp;&nbsp;dev_init
</UL>

<P><STRONG><a name="[af]"></a>NVIC_Init</STRONG> (Thumb, 92 bytes, Stack size 16 bytes, misc.o(i.NVIC_Init))
<BR><BR>[Stack]<UL><LI>Max Depth = 16<LI>Call Chain = NVIC_Init
</UL>
<BR>[Called By]<UL><LI><a href="#[ac]">&gt;&gt;</a>&nbsp;&nbsp;&nbsp;NVIC_Configuration
<LI><a href="#[f4]">&gt;&gt;</a>&nbsp;&nbsp;&nbsp;usartx_open
</UL>

<P><STRONG><a name="[ae]"></a>NVIC_PriorityGroupConfig</STRONG> (Thumb, 10 bytes, Stack size 0 bytes, misc.o(i.NVIC_PriorityGroupConfig))
<BR><BR>[Called By]<UL><LI><a href="#[ac]">&gt;&gt;</a>&nbsp;&nbsp;&nbsp;NVIC_Configuration
</UL>

<P><STRONG><a name="[ad]"></a>NVIC_SetVectorTable</STRONG> (Thumb, 12 bytes, Stack size 0 bytes, misc.o(i.NVIC_SetVectorTable))
<BR><BR>[Called By]<UL><LI><a href="#[ac]">&gt;&gt;</a>&nbsp;&nbsp;&nbsp;NVIC_Configuration
</UL>

<P><STRONG><a name="[8]"></a>PendSV_Handler</STRONG> (Thumb, 2 bytes, Stack size 0 bytes, stm32f4xx_it.o(i.PendSV_Handler))
<BR>[Address Reference Count : 1]<UL><LI> startup_stm32f4xx.o(RESET)
</UL>
<P><STRONG><a name="[bd]"></a>RCC_AHB1PeriphClockCmd</STRONG> (Thumb, 18 bytes, Stack size 0 bytes, stm32f4xx_rcc.o(i.RCC_AHB1PeriphClockCmd))
<BR><BR>[Called By]<UL><LI><a href="#[b0]">&gt;&gt;</a>&nbsp;&nbsp;&nbsp;RCC_Configuration
</UL>

<P><STRONG><a name="[96]"></a>RCC_APB1PeriphClockCmd</STRONG> (Thumb, 18 bytes, Stack size 0 bytes, stm32f4xx_rcc.o(i.RCC_APB1PeriphClockCmd))
<BR><BR>[Called By]<UL><LI><a href="#[97]">&gt;&gt;</a>&nbsp;&nbsp;&nbsp;EEPROM_init
<LI><a href="#[80]">&gt;&gt;</a>&nbsp;&nbsp;&nbsp;EEPROM_close
<LI><a href="#[b0]">&gt;&gt;</a>&nbsp;&nbsp;&nbsp;RCC_Configuration
<LI><a href="#[ef]">&gt;&gt;</a>&nbsp;&nbsp;&nbsp;spi_init
<LI><a href="#[f4]">&gt;&gt;</a>&nbsp;&nbsp;&nbsp;usartx_open
<LI><a href="#[f2]">&gt;&gt;</a>&nbsp;&nbsp;&nbsp;usartx_close
</UL>

<P><STRONG><a name="[c3]"></a>RCC_APB1PeriphResetCmd</STRONG> (Thumb, 18 bytes, Stack size 0 bytes, stm32f4xx_rcc.o(i.RCC_APB1PeriphResetCmd))
<BR><BR>[Called By]<UL><LI><a href="#[95]">&gt;&gt;</a>&nbsp;&nbsp;&nbsp;SPI_I2S_DeInit
<LI><a href="#[cc]">&gt;&gt;</a>&nbsp;&nbsp;&nbsp;USART_DeInit
</UL>

<P><STRONG><a name="[be]"></a>RCC_APB2PeriphClockCmd</STRONG> (Thumb, 18 bytes, Stack size 0 bytes, stm32f4xx_rcc.o(i.RCC_APB2PeriphClockCmd))
<BR><BR>[Called By]<UL><LI><a href="#[b0]">&gt;&gt;</a>&nbsp;&nbsp;&nbsp;RCC_Configuration
<LI><a href="#[f4]">&gt;&gt;</a>&nbsp;&nbsp;&nbsp;usartx_open
<LI><a href="#[f2]">&gt;&gt;</a>&nbsp;&nbsp;&nbsp;usartx_close
</UL>

<P><STRONG><a name="[c2]"></a>RCC_APB2PeriphResetCmd</STRONG> (Thumb, 18 bytes, Stack size 0 bytes, stm32f4xx_rcc.o(i.RCC_APB2PeriphResetCmd))
<BR><BR>[Called By]<UL><LI><a href="#[95]">&gt;&gt;</a>&nbsp;&nbsp;&nbsp;SPI_I2S_DeInit
<LI><a href="#[cc]">&gt;&gt;</a>&nbsp;&nbsp;&nbsp;USART_DeInit
</UL>

<P><STRONG><a name="[de]"></a>RCC_ClearFlag</STRONG> (Thumb, 12 bytes, Stack size 0 bytes, stm32f4xx_rcc.o(i.RCC_ClearFlag))
<BR><BR>[Called By]<UL><LI><a href="#[dd]">&gt;&gt;</a>&nbsp;&nbsp;&nbsp;dev_init
</UL>

<P><STRONG><a name="[b1]"></a>RCC_DeInit</STRONG> (Thumb, 48 bytes, Stack size 0 bytes, stm32f4xx_rcc.o(i.RCC_DeInit))
<BR><BR>[Called By]<UL><LI><a href="#[b0]">&gt;&gt;</a>&nbsp;&nbsp;&nbsp;RCC_Configuration
</UL>

<P><STRONG><a name="[ce]"></a>RCC_GetClocksFreq</STRONG> (Thumb, 134 bytes, Stack size 16 bytes, stm32f4xx_rcc.o(i.RCC_GetClocksFreq))
<BR><BR>[Stack]<UL><LI>Max Depth = 16<LI>Call Chain = RCC_GetClocksFreq
</UL>
<BR>[Called By]<UL><LI><a href="#[cd]">&gt;&gt;</a>&nbsp;&nbsp;&nbsp;USART_Init
</UL>

<P><STRONG><a name="[ba]"></a>RCC_GetFlagStatus</STRONG> (Thumb, 46 bytes, Stack size 0 bytes, stm32f4xx_rcc.o(i.RCC_GetFlagStatus))
<BR><BR>[Called By]<UL><LI><a href="#[b3]">&gt;&gt;</a>&nbsp;&nbsp;&nbsp;RCC_WaitForHSEStartUp
<LI><a href="#[dd]">&gt;&gt;</a>&nbsp;&nbsp;&nbsp;dev_init
<LI><a href="#[b0]">&gt;&gt;</a>&nbsp;&nbsp;&nbsp;RCC_Configuration
</UL>

<P><STRONG><a name="[bc]"></a>RCC_GetSYSCLKSource</STRONG> (Thumb, 10 bytes, Stack size 0 bytes, stm32f4xx_rcc.o(i.RCC_GetSYSCLKSource))
<BR><BR>[Called By]<UL><LI><a href="#[b0]">&gt;&gt;</a>&nbsp;&nbsp;&nbsp;RCC_Configuration
</UL>

<P><STRONG><a name="[b5]"></a>RCC_HCLKConfig</STRONG> (Thumb, 14 bytes, Stack size 0 bytes, stm32f4xx_rcc.o(i.RCC_HCLKConfig))
<BR><BR>[Called By]<UL><LI><a href="#[b0]">&gt;&gt;</a>&nbsp;&nbsp;&nbsp;RCC_Configuration
</UL>

<P><STRONG><a name="[b2]"></a>RCC_HSEConfig</STRONG> (Thumb, 10 bytes, Stack size 0 bytes, stm32f4xx_rcc.o(i.RCC_HSEConfig))
<BR><BR>[Called By]<UL><LI><a href="#[b0]">&gt;&gt;</a>&nbsp;&nbsp;&nbsp;RCC_Configuration
</UL>

<P><STRONG><a name="[b7]"></a>RCC_PCLK1Config</STRONG> (Thumb, 14 bytes, Stack size 0 bytes, stm32f4xx_rcc.o(i.RCC_PCLK1Config))
<BR><BR>[Called By]<UL><LI><a href="#[b0]">&gt;&gt;</a>&nbsp;&nbsp;&nbsp;RCC_Configuration
</UL>

<P><STRONG><a name="[b6]"></a>RCC_PCLK2Config</STRONG> (Thumb, 16 bytes, Stack size 0 bytes, stm32f4xx_rcc.o(i.RCC_PCLK2Config))
<BR><BR>[Called By]<UL><LI><a href="#[b0]">&gt;&gt;</a>&nbsp;&nbsp;&nbsp;RCC_Configuration
</UL>

<P><STRONG><a name="[b9]"></a>RCC_PLLCmd</STRONG> (Thumb, 6 bytes, Stack size 0 bytes, stm32f4xx_rcc.o(i.RCC_PLLCmd))
<BR><BR>[Called By]<UL><LI><a href="#[b0]">&gt;&gt;</a>&nbsp;&nbsp;&nbsp;RCC_Configuration
</UL>

<P><STRONG><a name="[b8]"></a>RCC_PLLConfig</STRONG> (Thumb, 30 bytes, Stack size 8 bytes, stm32f4xx_rcc.o(i.RCC_PLLConfig))
<BR><BR>[Stack]<UL><LI>Max Depth = 8<LI>Call Chain = RCC_PLLConfig
</UL>
<BR>[Called By]<UL><LI><a href="#[b0]">&gt;&gt;</a>&nbsp;&nbsp;&nbsp;RCC_Configuration
</UL>

<P><STRONG><a name="[bb]"></a>RCC_SYSCLKConfig</STRONG> (Thumb, 14 bytes, Stack size 0 bytes, stm32f4xx_rcc.o(i.RCC_SYSCLKConfig))
<BR><BR>[Called By]<UL><LI><a href="#[b0]">&gt;&gt;</a>&nbsp;&nbsp;&nbsp;RCC_Configuration
</UL>

<P><STRONG><a name="[b3]"></a>RCC_WaitForHSEStartUp</STRONG> (Thumb, 38 bytes, Stack size 12 bytes, stm32f4xx_rcc.o(i.RCC_WaitForHSEStartUp))
<BR><BR>[Stack]<UL><LI>Max Depth = 12<LI>Call Chain = RCC_WaitForHSEStartUp
</UL>
<BR>[Calls]<UL><LI><a href="#[ba]">&gt;&gt;</a>&nbsp;&nbsp;&nbsp;RCC_GetFlagStatus
</UL>
<BR>[Called By]<UL><LI><a href="#[b0]">&gt;&gt;</a>&nbsp;&nbsp;&nbsp;RCC_Configuration
</UL>

<P><STRONG><a name="[9c]"></a>SPI_Cmd</STRONG> (Thumb, 20 bytes, Stack size 0 bytes, stm32f4xx_spi.o(i.SPI_Cmd))
<BR><BR>[Called By]<UL><LI><a href="#[97]">&gt;&gt;</a>&nbsp;&nbsp;&nbsp;EEPROM_init
<LI><a href="#[ef]">&gt;&gt;</a>&nbsp;&nbsp;&nbsp;spi_init
</UL>

<P><STRONG><a name="[a1]"></a>SPI_EEPROM_ReadByte</STRONG> (Thumb, 6 bytes, Stack size 0 bytes, eeprom.o(i.SPI_EEPROM_ReadByte))
<BR><BR>[Called By]<UL><LI><a href="#[7c]">&gt;&gt;</a>&nbsp;&nbsp;&nbsp;EEPROM_read
</UL>

<P><STRONG><a name="[a0]"></a>SPI_EEPROM_SendByte</STRONG> (Thumb, 50 bytes, Stack size 16 bytes, eeprom.o(i.SPI_EEPROM_SendByte))
<BR><BR>[Stack]<UL><LI>Max Depth = 16<LI>Call Chain = SPI_EEPROM_SendByte
</UL>
<BR>[Calls]<UL><LI><a href="#[c0]">&gt;&gt;</a>&nbsp;&nbsp;&nbsp;SPI_I2S_SendData
<LI><a href="#[c1]">&gt;&gt;</a>&nbsp;&nbsp;&nbsp;SPI_I2S_ReceiveData
<LI><a href="#[bf]">&gt;&gt;</a>&nbsp;&nbsp;&nbsp;SPI_I2S_GetFlagStatus
</UL>
<BR>[Called By]<UL><LI><a href="#[9e]">&gt;&gt;</a>&nbsp;&nbsp;&nbsp;SPI_EEPROM_WriteEnable
<LI><a href="#[a2]">&gt;&gt;</a>&nbsp;&nbsp;&nbsp;SPI_EEPROM_Write
<LI><a href="#[7c]">&gt;&gt;</a>&nbsp;&nbsp;&nbsp;EEPROM_read
<LI><a href="#[7e]">&gt;&gt;</a>&nbsp;&nbsp;&nbsp;EEPROM_ioctl
</UL>

<P><STRONG><a name="[a2]"></a>SPI_EEPROM_Write</STRONG> (Thumb, 80 bytes, Stack size 24 bytes, eeprom.o(i.SPI_EEPROM_Write))
<BR><BR>[Stack]<UL><LI>Max Depth = 56<LI>Call Chain = SPI_EEPROM_Write &rArr; SPI_EEPROM_WriteEnable &rArr; SPI_EEPROM_SendByte
</UL>
<BR>[Calls]<UL><LI><a href="#[9a]">&gt;&gt;</a>&nbsp;&nbsp;&nbsp;GPIO_SetBits
<LI><a href="#[9f]">&gt;&gt;</a>&nbsp;&nbsp;&nbsp;GPIO_ResetBits
<LI><a href="#[9e]">&gt;&gt;</a>&nbsp;&nbsp;&nbsp;SPI_EEPROM_WriteEnable
<LI><a href="#[a0]">&gt;&gt;</a>&nbsp;&nbsp;&nbsp;SPI_EEPROM_SendByte
</UL>
<BR>[Called By]<UL><LI><a href="#[7d]">&gt;&gt;</a>&nbsp;&nbsp;&nbsp;EEPROM_write
</UL>

<P><STRONG><a name="[9e]"></a>SPI_EEPROM_WriteEnable</STRONG> (Thumb, 34 bytes, Stack size 16 bytes, eeprom.o(i.SPI_EEPROM_WriteEnable))
<BR><BR>[Stack]<UL><LI>Max Depth = 32<LI>Call Chain = SPI_EEPROM_WriteEnable &rArr; SPI_EEPROM_SendByte
</UL>
<BR>[Calls]<UL><LI><a href="#[9a]">&gt;&gt;</a>&nbsp;&nbsp;&nbsp;GPIO_SetBits
<LI><a href="#[9f]">&gt;&gt;</a>&nbsp;&nbsp;&nbsp;GPIO_ResetBits
<LI><a href="#[a0]">&gt;&gt;</a>&nbsp;&nbsp;&nbsp;SPI_EEPROM_SendByte
</UL>
<BR>[Called By]<UL><LI><a href="#[a2]">&gt;&gt;</a>&nbsp;&nbsp;&nbsp;SPI_EEPROM_Write
<LI><a href="#[7e]">&gt;&gt;</a>&nbsp;&nbsp;&nbsp;EEPROM_ioctl
</UL>

<P><STRONG><a name="[95]"></a>SPI_I2S_DeInit</STRONG> (Thumb, 72 bytes, Stack size 8 bytes, stm32f4xx_spi.o(i.SPI_I2S_DeInit))
<BR><BR>[Stack]<UL><LI>Max Depth = 8<LI>Call Chain = SPI_I2S_DeInit
</UL>
<BR>[Calls]<UL><LI><a href="#[c3]">&gt;&gt;</a>&nbsp;&nbsp;&nbsp;RCC_APB1PeriphResetCmd
<LI><a href="#[c2]">&gt;&gt;</a>&nbsp;&nbsp;&nbsp;RCC_APB2PeriphResetCmd
</UL>
<BR>[Called By]<UL><LI><a href="#[86]">&gt;&gt;</a>&nbsp;&nbsp;&nbsp;w25qx_close
<LI><a href="#[80]">&gt;&gt;</a>&nbsp;&nbsp;&nbsp;EEPROM_close
</UL>

<P><STRONG><a name="[bf]"></a>SPI_I2S_GetFlagStatus</STRONG> (Thumb, 14 bytes, Stack size 0 bytes, stm32f4xx_spi.o(i.SPI_I2S_GetFlagStatus))
<BR><BR>[Called By]<UL><LI><a href="#[a0]">&gt;&gt;</a>&nbsp;&nbsp;&nbsp;SPI_EEPROM_SendByte
<LI><a href="#[f0]">&gt;&gt;</a>&nbsp;&nbsp;&nbsp;spi_send_byte
</UL>

<P><STRONG><a name="[c1]"></a>SPI_I2S_ReceiveData</STRONG> (Thumb, 4 bytes, Stack size 0 bytes, stm32f4xx_spi.o(i.SPI_I2S_ReceiveData))
<BR><BR>[Called By]<UL><LI><a href="#[a0]">&gt;&gt;</a>&nbsp;&nbsp;&nbsp;SPI_EEPROM_SendByte
<LI><a href="#[f0]">&gt;&gt;</a>&nbsp;&nbsp;&nbsp;spi_send_byte
</UL>

<P><STRONG><a name="[c0]"></a>SPI_I2S_SendData</STRONG> (Thumb, 4 bytes, Stack size 0 bytes, stm32f4xx_spi.o(i.SPI_I2S_SendData))
<BR><BR>[Called By]<UL><LI><a href="#[a0]">&gt;&gt;</a>&nbsp;&nbsp;&nbsp;SPI_EEPROM_SendByte
<LI><a href="#[f0]">&gt;&gt;</a>&nbsp;&nbsp;&nbsp;spi_send_byte
</UL>

<P><STRONG><a name="[9b]"></a>SPI_Init</STRONG> (Thumb, 56 bytes, Stack size 12 bytes, stm32f4xx_spi.o(i.SPI_Init))
<BR><BR>[Stack]<UL><LI>Max Depth = 12<LI>Call Chain = SPI_Init
</UL>
<BR>[Called By]<UL><LI><a href="#[97]">&gt;&gt;</a>&nbsp;&nbsp;&nbsp;EEPROM_init
<LI><a href="#[ef]">&gt;&gt;</a>&nbsp;&nbsp;&nbsp;spi_init
</UL>

<P><STRONG><a name="[6]"></a>SVC_Handler</STRONG> (Thumb, 2 bytes, Stack size 0 bytes, stm32f4xx_it.o(i.SVC_Handler))
<BR>[Address Reference Count : 1]<UL><LI> startup_stm32f4xx.o(RESET)
</UL>
<P><STRONG><a name="[dc]"></a>SysTick_CLKSourceConfig</STRONG> (Thumb, 24 bytes, Stack size 0 bytes, misc.o(i.SysTick_CLKSourceConfig))
<BR><BR>[Called By]<UL><LI><a href="#[61]">&gt;&gt;</a>&nbsp;&nbsp;&nbsp;dSysTick_release
<LI><a href="#[60]">&gt;&gt;</a>&nbsp;&nbsp;&nbsp;dSysTick_open
<LI><a href="#[5f]">&gt;&gt;</a>&nbsp;&nbsp;&nbsp;dSysTick_ioctl
</UL>

<P><STRONG><a name="[9]"></a>SysTick_Handler</STRONG> (Thumb, 22 bytes, Stack size 8 bytes, stm32f4xx_it.o(i.SysTick_Handler))
<BR><BR>[Stack]<UL><LI>Max Depth = 16<LI>Call Chain = SysTick_Handler &rArr; usartx_timer
</UL>
<BR>[Calls]<UL><LI><a href="#[c4]">&gt;&gt;</a>&nbsp;&nbsp;&nbsp;usartx_timer
<LI><a href="#[c5]">&gt;&gt;</a>&nbsp;&nbsp;&nbsp;eeprom_write_wait_count
</UL>
<BR>[Address Reference Count : 1]<UL><LI> startup_stm32f4xx.o(RESET)
</UL>
<P><STRONG><a name="[3e]"></a>UART4_IRQHandler</STRONG> (Thumb, 6 bytes, Stack size 0 bytes, usartx.o(i.UART4_IRQHandler))
<BR><BR>[Stack]<UL><LI>Max Depth = 48<LI>Call Chain = UART4_IRQHandler &rArr; USARTX_IRQHandler &rArr; USART_GetITStatus
</UL>
<BR>[Calls]<UL><LI><a href="#[c6]">&gt;&gt;</a>&nbsp;&nbsp;&nbsp;USARTX_IRQHandler
</UL>
<BR>[Address Reference Count : 1]<UL><LI> startup_stm32f4xx.o(RESET)
</UL>
<P><STRONG><a name="[3f]"></a>UART5_IRQHandler</STRONG> (Thumb, 6 bytes, Stack size 0 bytes, usartx.o(i.UART5_IRQHandler))
<BR><BR>[Stack]<UL><LI>Max Depth = 48<LI>Call Chain = UART5_IRQHandler &rArr; USARTX_IRQHandler &rArr; USART_GetITStatus
</UL>
<BR>[Calls]<UL><LI><a href="#[c6]">&gt;&gt;</a>&nbsp;&nbsp;&nbsp;USARTX_IRQHandler
</UL>
<BR>[Address Reference Count : 1]<UL><LI> startup_stm32f4xx.o(RESET)
</UL>
<P><STRONG><a name="[2f]"></a>USART1_IRQHandler</STRONG> (Thumb, 6 bytes, Stack size 0 bytes, usartx.o(i.USART1_IRQHandler))
<BR><BR>[Stack]<UL><LI>Max Depth = 48<LI>Call Chain = USART1_IRQHandler &rArr; USARTX_IRQHandler &rArr; USART_GetITStatus
</UL>
<BR>[Calls]<UL><LI><a href="#[c6]">&gt;&gt;</a>&nbsp;&nbsp;&nbsp;USARTX_IRQHandler
</UL>
<BR>[Address Reference Count : 1]<UL><LI> startup_stm32f4xx.o(RESET)
</UL>
<P><STRONG><a name="[30]"></a>USART2_IRQHandler</STRONG> (Thumb, 6 bytes, Stack size 0 bytes, usartx.o(i.USART2_IRQHandler))
<BR><BR>[Stack]<UL><LI>Max Depth = 48<LI>Call Chain = USART2_IRQHandler &rArr; USARTX_IRQHandler &rArr; USART_GetITStatus
</UL>
<BR>[Calls]<UL><LI><a href="#[c6]">&gt;&gt;</a>&nbsp;&nbsp;&nbsp;USARTX_IRQHandler
</UL>
<BR>[Address Reference Count : 1]<UL><LI> startup_stm32f4xx.o(RESET)
</UL>
<P><STRONG><a name="[31]"></a>USART3_IRQHandler</STRONG> (Thumb, 6 bytes, Stack size 0 bytes, usartx.o(i.USART3_IRQHandler))
<BR><BR>[Stack]<UL><LI>Max Depth = 48<LI>Call Chain = USART3_IRQHandler &rArr; USARTX_IRQHandler &rArr; USART_GetITStatus
</UL>
<BR>[Calls]<UL><LI><a href="#[c6]">&gt;&gt;</a>&nbsp;&nbsp;&nbsp;USARTX_IRQHandler
</UL>
<BR>[Address Reference Count : 1]<UL><LI> startup_stm32f4xx.o(RESET)
</UL>
<P><STRONG><a name="[c6]"></a>USARTX_IRQHandler</STRONG> (Thumb, 316 bytes, Stack size 32 bytes, usartx.o(i.USARTX_IRQHandler))
<BR><BR>[Stack]<UL><LI>Max Depth = 48<LI>Call Chain = USARTX_IRQHandler &rArr; USART_GetITStatus
</UL>
<BR>[Calls]<UL><LI><a href="#[9f]">&gt;&gt;</a>&nbsp;&nbsp;&nbsp;GPIO_ResetBits
<LI><a href="#[cb]">&gt;&gt;</a>&nbsp;&nbsp;&nbsp;USART_SendData
<LI><a href="#[c8]">&gt;&gt;</a>&nbsp;&nbsp;&nbsp;USART_ReceiveData
<LI><a href="#[c9]">&gt;&gt;</a>&nbsp;&nbsp;&nbsp;USART_ITConfig
<LI><a href="#[c7]">&gt;&gt;</a>&nbsp;&nbsp;&nbsp;USART_GetITStatus
<LI><a href="#[ca]">&gt;&gt;</a>&nbsp;&nbsp;&nbsp;USART_ClearITPendingBit
</UL>
<BR>[Called By]<UL><LI><a href="#[31]">&gt;&gt;</a>&nbsp;&nbsp;&nbsp;USART3_IRQHandler
<LI><a href="#[30]">&gt;&gt;</a>&nbsp;&nbsp;&nbsp;USART2_IRQHandler
<LI><a href="#[2f]">&gt;&gt;</a>&nbsp;&nbsp;&nbsp;USART1_IRQHandler
<LI><a href="#[3f]">&gt;&gt;</a>&nbsp;&nbsp;&nbsp;UART5_IRQHandler
<LI><a href="#[3e]">&gt;&gt;</a>&nbsp;&nbsp;&nbsp;UART4_IRQHandler
</UL>

<P><STRONG><a name="[ca]"></a>USART_ClearITPendingBit</STRONG> (Thumb, 12 bytes, Stack size 0 bytes, stm32f4xx_usart.o(i.USART_ClearITPendingBit))
<BR><BR>[Called By]<UL><LI><a href="#[c6]">&gt;&gt;</a>&nbsp;&nbsp;&nbsp;USARTX_IRQHandler
</UL>

<P><STRONG><a name="[f9]"></a>USART_Cmd</STRONG> (Thumb, 20 bytes, Stack size 0 bytes, stm32f4xx_usart.o(i.USART_Cmd))
<BR><BR>[Called By]<UL><LI><a href="#[f4]">&gt;&gt;</a>&nbsp;&nbsp;&nbsp;usartx_open
<LI><a href="#[f3]">&gt;&gt;</a>&nbsp;&nbsp;&nbsp;usartx_ioctl
</UL>

<P><STRONG><a name="[cc]"></a>USART_DeInit</STRONG> (Thumb, 114 bytes, Stack size 8 bytes, stm32f4xx_usart.o(i.USART_DeInit))
<BR><BR>[Stack]<UL><LI>Max Depth = 8<LI>Call Chain = USART_DeInit
</UL>
<BR>[Calls]<UL><LI><a href="#[c3]">&gt;&gt;</a>&nbsp;&nbsp;&nbsp;RCC_APB1PeriphResetCmd
<LI><a href="#[c2]">&gt;&gt;</a>&nbsp;&nbsp;&nbsp;RCC_APB2PeriphResetCmd
</UL>
<BR>[Called By]<UL><LI><a href="#[f2]">&gt;&gt;</a>&nbsp;&nbsp;&nbsp;usartx_close
</UL>

<P><STRONG><a name="[fb]"></a>USART_GetFlagStatus</STRONG> (Thumb, 14 bytes, Stack size 0 bytes, stm32f4xx_usart.o(i.USART_GetFlagStatus))
<BR><BR>[Called By]<UL><LI><a href="#[f6]">&gt;&gt;</a>&nbsp;&nbsp;&nbsp;usartx_write
</UL>

<P><STRONG><a name="[c7]"></a>USART_GetITStatus</STRONG> (Thumb, 62 bytes, Stack size 16 bytes, stm32f4xx_usart.o(i.USART_GetITStatus))
<BR><BR>[Stack]<UL><LI>Max Depth = 16<LI>Call Chain = USART_GetITStatus
</UL>
<BR>[Called By]<UL><LI><a href="#[c6]">&gt;&gt;</a>&nbsp;&nbsp;&nbsp;USARTX_IRQHandler
</UL>

<P><STRONG><a name="[c9]"></a>USART_ITConfig</STRONG> (Thumb, 48 bytes, Stack size 8 bytes, stm32f4xx_usart.o(i.USART_ITConfig))
<BR><BR>[Stack]<UL><LI>Max Depth = 8<LI>Call Chain = USART_ITConfig
</UL>
<BR>[Called By]<UL><LI><a href="#[f6]">&gt;&gt;</a>&nbsp;&nbsp;&nbsp;usartx_write
<LI><a href="#[f4]">&gt;&gt;</a>&nbsp;&nbsp;&nbsp;usartx_open
<LI><a href="#[c6]">&gt;&gt;</a>&nbsp;&nbsp;&nbsp;USARTX_IRQHandler
</UL>

<P><STRONG><a name="[cd]"></a>USART_Init</STRONG> (Thumb, 174 bytes, Stack size 32 bytes, stm32f4xx_usart.o(i.USART_Init))
<BR><BR>[Stack]<UL><LI>Max Depth = 48<LI>Call Chain = USART_Init &rArr; RCC_GetClocksFreq
</UL>
<BR>[Calls]<UL><LI><a href="#[ce]">&gt;&gt;</a>&nbsp;&nbsp;&nbsp;RCC_GetClocksFreq
</UL>
<BR>[Called By]<UL><LI><a href="#[f4]">&gt;&gt;</a>&nbsp;&nbsp;&nbsp;usartx_open
<LI><a href="#[f3]">&gt;&gt;</a>&nbsp;&nbsp;&nbsp;usartx_ioctl
</UL>

<P><STRONG><a name="[c8]"></a>USART_ReceiveData</STRONG> (Thumb, 8 bytes, Stack size 0 bytes, stm32f4xx_usart.o(i.USART_ReceiveData))
<BR><BR>[Called By]<UL><LI><a href="#[c6]">&gt;&gt;</a>&nbsp;&nbsp;&nbsp;USARTX_IRQHandler
</UL>

<P><STRONG><a name="[cb]"></a>USART_SendData</STRONG> (Thumb, 8 bytes, Stack size 0 bytes, stm32f4xx_usart.o(i.USART_SendData))
<BR><BR>[Called By]<UL><LI><a href="#[f6]">&gt;&gt;</a>&nbsp;&nbsp;&nbsp;usartx_write
<LI><a href="#[c6]">&gt;&gt;</a>&nbsp;&nbsp;&nbsp;USARTX_IRQHandler
</UL>

<P><STRONG><a name="[5]"></a>UsageFault_Handler</STRONG> (Thumb, 2 bytes, Stack size 0 bytes, stm32f4xx_it.o(i.UsageFault_Handler))
<BR><BR>[Calls]<UL><LI><a href="#[5]">&gt;&gt;</a>&nbsp;&nbsp;&nbsp;UsageFault_Handler
</UL>
<BR>[Called By]<UL><LI><a href="#[5]">&gt;&gt;</a>&nbsp;&nbsp;&nbsp;UsageFault_Handler
</UL>
<BR>[Address Reference Count : 1]<UL><LI> startup_stm32f4xx.o(RESET)
</UL>
<P><STRONG><a name="[cf]"></a>WritePage</STRONG> (Thumb, 50 bytes, Stack size 24 bytes, main.o(i.WritePage))
<BR><BR>[Stack]<UL><LI>Max Depth = 40<LI>Call Chain = WritePage &rArr; FLASH_ProgramWord &rArr; FLASH_WaitForLastOperation
</UL>
<BR>[Calls]<UL><LI><a href="#[aa]">&gt;&gt;</a>&nbsp;&nbsp;&nbsp;FLASH_ProgramWord
</UL>
<BR>[Called By]<UL><LI><a href="#[da]">&gt;&gt;</a>&nbsp;&nbsp;&nbsp;program_page
</UL>

<P><STRONG><a name="[108]"></a>__scatterload_copy</STRONG> (Thumb, 14 bytes, Stack size unknown bytes, handlers.o(i.__scatterload_copy), UNUSED)

<P><STRONG><a name="[109]"></a>__scatterload_null</STRONG> (Thumb, 2 bytes, Stack size unknown bytes, handlers.o(i.__scatterload_null), UNUSED)

<P><STRONG><a name="[10a]"></a>__scatterload_zeroinit</STRONG> (Thumb, 14 bytes, Stack size unknown bytes, handlers.o(i.__scatterload_zeroinit), UNUSED)

<P><STRONG><a name="[d0]"></a>backup_application</STRONG> (Thumb, 98 bytes, Stack size 24 bytes, main.o(i.backup_application))
<BR><BR>[Stack]<UL><LI>Max Depth = 112<LI>Call Chain = backup_application &rArr; copy_code_to_exterflash &rArr; iapv2_erase_exterflash &rArr; ioctl
</UL>
<BR>[Calls]<UL><LI><a href="#[d1]">&gt;&gt;</a>&nbsp;&nbsp;&nbsp;get_interflash_crc
<LI><a href="#[d5]">&gt;&gt;</a>&nbsp;&nbsp;&nbsp;get_exterflash_crc
<LI><a href="#[d4]">&gt;&gt;</a>&nbsp;&nbsp;&nbsp;copy_code_to_exterflash
<LI><a href="#[d3]">&gt;&gt;</a>&nbsp;&nbsp;&nbsp;write
<LI><a href="#[d2]">&gt;&gt;</a>&nbsp;&nbsp;&nbsp;lseek
</UL>
<BR>[Called By]<UL><LI><a href="#[5c]">&gt;&gt;</a>&nbsp;&nbsp;&nbsp;main
</UL>

<P><STRONG><a name="[e7]"></a>close</STRONG> (Thumb, 36 bytes, Stack size 0 bytes, device.o(i.close))
<BR><BR>[Called By]<UL><LI><a href="#[5c]">&gt;&gt;</a>&nbsp;&nbsp;&nbsp;main
</UL>

<P><STRONG><a name="[d4]"></a>copy_code_to_exterflash</STRONG> (Thumb, 124 bytes, Stack size 32 bytes, main.o(i.copy_code_to_exterflash))
<BR><BR>[Stack]<UL><LI>Max Depth = 88<LI>Call Chain = copy_code_to_exterflash &rArr; iapv2_erase_exterflash &rArr; ioctl
</UL>
<BR>[Calls]<UL><LI><a href="#[d6]">&gt;&gt;</a>&nbsp;&nbsp;&nbsp;iapv2_erase_exterflash
<LI><a href="#[d3]">&gt;&gt;</a>&nbsp;&nbsp;&nbsp;write
<LI><a href="#[d2]">&gt;&gt;</a>&nbsp;&nbsp;&nbsp;lseek
<LI><a href="#[d7]">&gt;&gt;</a>&nbsp;&nbsp;&nbsp;ioctl
</UL>
<BR>[Called By]<UL><LI><a href="#[d0]">&gt;&gt;</a>&nbsp;&nbsp;&nbsp;backup_application
</UL>

<P><STRONG><a name="[d8]"></a>copy_code_to_interflash</STRONG> (Thumb, 104 bytes, Stack size 24 bytes, main.o(i.copy_code_to_interflash))
<BR><BR>[Stack]<UL><LI>Max Depth = 72<LI>Call Chain = copy_code_to_interflash &rArr; program_page &rArr; WritePage &rArr; FLASH_ProgramWord &rArr; FLASH_WaitForLastOperation
</UL>
<BR>[Calls]<UL><LI><a href="#[da]">&gt;&gt;</a>&nbsp;&nbsp;&nbsp;program_page
<LI><a href="#[d9]">&gt;&gt;</a>&nbsp;&nbsp;&nbsp;read
<LI><a href="#[d2]">&gt;&gt;</a>&nbsp;&nbsp;&nbsp;lseek
<LI><a href="#[d7]">&gt;&gt;</a>&nbsp;&nbsp;&nbsp;ioctl
</UL>
<BR>[Called By]<UL><LI><a href="#[e6]">&gt;&gt;</a>&nbsp;&nbsp;&nbsp;restore_application
<LI><a href="#[5c]">&gt;&gt;</a>&nbsp;&nbsp;&nbsp;main
</UL>

<P><STRONG><a name="[5f]"></a>dSysTick_ioctl</STRONG> (Thumb, 32 bytes, Stack size 8 bytes, systick.o(i.dSysTick_ioctl))
<BR><BR>[Stack]<UL><LI>Max Depth = 8<LI>Call Chain = dSysTick_ioctl
</UL>
<BR>[Calls]<UL><LI><a href="#[dc]">&gt;&gt;</a>&nbsp;&nbsp;&nbsp;SysTick_CLKSourceConfig
<LI><a href="#[db]">&gt;&gt;</a>&nbsp;&nbsp;&nbsp;SysTick_Config
</UL>
<BR>[Address Reference Count : 1]<UL><LI> device.o(.constdata)
</UL>
<P><STRONG><a name="[60]"></a>dSysTick_open</STRONG> (Thumb, 38 bytes, Stack size 8 bytes, systick.o(i.dSysTick_open))
<BR><BR>[Stack]<UL><LI>Max Depth = 8<LI>Call Chain = dSysTick_open
</UL>
<BR>[Calls]<UL><LI><a href="#[dc]">&gt;&gt;</a>&nbsp;&nbsp;&nbsp;SysTick_CLKSourceConfig
<LI><a href="#[db]">&gt;&gt;</a>&nbsp;&nbsp;&nbsp;SysTick_Config
</UL>
<BR>[Address Reference Count : 1]<UL><LI> device.o(.constdata)
</UL>
<P><STRONG><a name="[5e]"></a>dSysTick_read</STRONG> (Thumb, 20 bytes, Stack size 0 bytes, systick.o(i.dSysTick_read))
<BR>[Address Reference Count : 1]<UL><LI> device.o(.constdata)
</UL>
<P><STRONG><a name="[61]"></a>dSysTick_release</STRONG> (Thumb, 30 bytes, Stack size 8 bytes, systick.o(i.dSysTick_release))
<BR><BR>[Stack]<UL><LI>Max Depth = 8<LI>Call Chain = dSysTick_release
</UL>
<BR>[Calls]<UL><LI><a href="#[dc]">&gt;&gt;</a>&nbsp;&nbsp;&nbsp;SysTick_CLKSourceConfig
<LI><a href="#[db]">&gt;&gt;</a>&nbsp;&nbsp;&nbsp;SysTick_Config
</UL>
<BR>[Address Reference Count : 1]<UL><LI> device.o(.constdata)
</UL>
<P><STRONG><a name="[dd]"></a>dev_init</STRONG> (Thumb, 36 bytes, Stack size 8 bytes, device.o(i.dev_init))
<BR><BR>[Stack]<UL><LI>Max Depth = 52<LI>Call Chain = dev_init &rArr; init_interface &rArr; GPIO_Init
</UL>
<BR>[Calls]<UL><LI><a href="#[df]">&gt;&gt;</a>&nbsp;&nbsp;&nbsp;init_interface
<LI><a href="#[ba]">&gt;&gt;</a>&nbsp;&nbsp;&nbsp;RCC_GetFlagStatus
<LI><a href="#[de]">&gt;&gt;</a>&nbsp;&nbsp;&nbsp;RCC_ClearFlag
<LI><a href="#[ac]">&gt;&gt;</a>&nbsp;&nbsp;&nbsp;NVIC_Configuration
<LI><a href="#[b0]">&gt;&gt;</a>&nbsp;&nbsp;&nbsp;RCC_Configuration
</UL>
<BR>[Called By]<UL><LI><a href="#[5c]">&gt;&gt;</a>&nbsp;&nbsp;&nbsp;main
</UL>

<P><STRONG><a name="[c5]"></a>eeprom_write_wait_count</STRONG> (Thumb, 2 bytes, Stack size 0 bytes, eeprom.o(i.eeprom_write_wait_count))
<BR><BR>[Called By]<UL><LI><a href="#[9]">&gt;&gt;</a>&nbsp;&nbsp;&nbsp;SysTick_Handler
</UL>

<P><STRONG><a name="[e0]"></a>erase_page</STRONG> (Thumb, 92 bytes, Stack size 8 bytes, main.o(i.erase_page))
<BR><BR>[Stack]<UL><LI>Max Depth = 24<LI>Call Chain = erase_page &rArr; FLASH_EraseSector &rArr; FLASH_WaitForLastOperation
</UL>
<BR>[Calls]<UL><LI><a href="#[a8]">&gt;&gt;</a>&nbsp;&nbsp;&nbsp;FLASH_EraseSector
<LI><a href="#[a4]">&gt;&gt;</a>&nbsp;&nbsp;&nbsp;GetSector
</UL>
<BR>[Called By]<UL><LI><a href="#[da]">&gt;&gt;</a>&nbsp;&nbsp;&nbsp;program_page
</UL>

<P><STRONG><a name="[89]"></a>extwdg_close</STRONG> (Thumb, 42 bytes, Stack size 24 bytes, extwdg.o(i.extwdg_close))
<BR><BR>[Stack]<UL><LI>Max Depth = 44<LI>Call Chain = extwdg_close &rArr; GPIO_Init
</UL>
<BR>[Calls]<UL><LI><a href="#[98]">&gt;&gt;</a>&nbsp;&nbsp;&nbsp;GPIO_Init
</UL>
<BR>[Address Reference Count : 1]<UL><LI> device.o(.constdata)
</UL>
<P><STRONG><a name="[87]"></a>extwdg_ioctl</STRONG> (Thumb, 52 bytes, Stack size 8 bytes, extwdg.o(i.extwdg_ioctl))
<BR><BR>[Stack]<UL><LI>Max Depth = 8<LI>Call Chain = extwdg_ioctl
</UL>
<BR>[Calls]<UL><LI><a href="#[9a]">&gt;&gt;</a>&nbsp;&nbsp;&nbsp;GPIO_SetBits
<LI><a href="#[9f]">&gt;&gt;</a>&nbsp;&nbsp;&nbsp;GPIO_ResetBits
</UL>
<BR>[Address Reference Count : 1]<UL><LI> device.o(.constdata)
</UL>
<P><STRONG><a name="[88]"></a>extwdg_open</STRONG> (Thumb, 64 bytes, Stack size 24 bytes, extwdg.o(i.extwdg_open))
<BR><BR>[Stack]<UL><LI>Max Depth = 44<LI>Call Chain = extwdg_open &rArr; GPIO_Init
</UL>
<BR>[Calls]<UL><LI><a href="#[9f]">&gt;&gt;</a>&nbsp;&nbsp;&nbsp;GPIO_ResetBits
<LI><a href="#[98]">&gt;&gt;</a>&nbsp;&nbsp;&nbsp;GPIO_Init
</UL>
<BR>[Address Reference Count : 1]<UL><LI> device.o(.constdata)
</UL>
<P><STRONG><a name="[d5]"></a>get_exterflash_crc</STRONG> (Thumb, 132 bytes, Stack size 32 bytes, main.o(i.get_exterflash_crc))
<BR><BR>[Stack]<UL><LI>Max Depth = 40<LI>Call Chain = get_exterflash_crc &rArr; CRC_CalcBlockCRC
</UL>
<BR>[Calls]<UL><LI><a href="#[e1]">&gt;&gt;</a>&nbsp;&nbsp;&nbsp;CRC_ResetDR
<LI><a href="#[e2]">&gt;&gt;</a>&nbsp;&nbsp;&nbsp;CRC_CalcBlockCRC
<LI><a href="#[d9]">&gt;&gt;</a>&nbsp;&nbsp;&nbsp;read
<LI><a href="#[d2]">&gt;&gt;</a>&nbsp;&nbsp;&nbsp;lseek
<LI><a href="#[d7]">&gt;&gt;</a>&nbsp;&nbsp;&nbsp;ioctl
<LI><a href="#[8d]">&gt;&gt;</a>&nbsp;&nbsp;&nbsp;__aeabi_memclr
</UL>
<BR>[Called By]<UL><LI><a href="#[e6]">&gt;&gt;</a>&nbsp;&nbsp;&nbsp;restore_application
<LI><a href="#[5c]">&gt;&gt;</a>&nbsp;&nbsp;&nbsp;main
<LI><a href="#[d0]">&gt;&gt;</a>&nbsp;&nbsp;&nbsp;backup_application
</UL>

<P><STRONG><a name="[d1]"></a>get_interflash_crc</STRONG> (Thumb, 34 bytes, Stack size 16 bytes, main.o(i.get_interflash_crc))
<BR><BR>[Stack]<UL><LI>Max Depth = 24<LI>Call Chain = get_interflash_crc &rArr; CRC_CalcBlockCRC
</UL>
<BR>[Calls]<UL><LI><a href="#[e1]">&gt;&gt;</a>&nbsp;&nbsp;&nbsp;CRC_ResetDR
<LI><a href="#[e2]">&gt;&gt;</a>&nbsp;&nbsp;&nbsp;CRC_CalcBlockCRC
</UL>
<BR>[Called By]<UL><LI><a href="#[e6]">&gt;&gt;</a>&nbsp;&nbsp;&nbsp;restore_application
<LI><a href="#[5c]">&gt;&gt;</a>&nbsp;&nbsp;&nbsp;main
<LI><a href="#[d0]">&gt;&gt;</a>&nbsp;&nbsp;&nbsp;backup_application
</UL>

<P><STRONG><a name="[d6]"></a>iapv2_erase_exterflash</STRONG> (Thumb, 136 bytes, Stack size 48 bytes, main.o(i.iapv2_erase_exterflash))
<BR><BR>[Stack]<UL><LI>Max Depth = 56<LI>Call Chain = iapv2_erase_exterflash &rArr; ioctl
</UL>
<BR>[Calls]<UL><LI><a href="#[d7]">&gt;&gt;</a>&nbsp;&nbsp;&nbsp;ioctl
</UL>
<BR>[Called By]<UL><LI><a href="#[d4]">&gt;&gt;</a>&nbsp;&nbsp;&nbsp;copy_code_to_exterflash
</UL>

<P><STRONG><a name="[df]"></a>init_interface</STRONG> (Thumb, 124 bytes, Stack size 24 bytes, io_interface.o(i.init_interface))
<BR><BR>[Stack]<UL><LI>Max Depth = 44<LI>Call Chain = init_interface &rArr; GPIO_Init
</UL>
<BR>[Calls]<UL><LI><a href="#[9a]">&gt;&gt;</a>&nbsp;&nbsp;&nbsp;GPIO_SetBits
<LI><a href="#[9f]">&gt;&gt;</a>&nbsp;&nbsp;&nbsp;GPIO_ResetBits
<LI><a href="#[99]">&gt;&gt;</a>&nbsp;&nbsp;&nbsp;GPIO_PinAFConfig
<LI><a href="#[98]">&gt;&gt;</a>&nbsp;&nbsp;&nbsp;GPIO_Init
</UL>
<BR>[Called By]<UL><LI><a href="#[dd]">&gt;&gt;</a>&nbsp;&nbsp;&nbsp;dev_init
</UL>

<P><STRONG><a name="[d7]"></a>ioctl</STRONG> (Thumb, 50 bytes, Stack size 8 bytes, device.o(i.ioctl))
<BR><BR>[Stack]<UL><LI>Max Depth = 8<LI>Call Chain = ioctl
</UL>
<BR>[Called By]<UL><LI><a href="#[5c]">&gt;&gt;</a>&nbsp;&nbsp;&nbsp;main
<LI><a href="#[d6]">&gt;&gt;</a>&nbsp;&nbsp;&nbsp;iapv2_erase_exterflash
<LI><a href="#[d5]">&gt;&gt;</a>&nbsp;&nbsp;&nbsp;get_exterflash_crc
<LI><a href="#[d8]">&gt;&gt;</a>&nbsp;&nbsp;&nbsp;copy_code_to_interflash
<LI><a href="#[d4]">&gt;&gt;</a>&nbsp;&nbsp;&nbsp;copy_code_to_exterflash
</UL>

<P><STRONG><a name="[e9]"></a>lmemcmp</STRONG> (Thumb, 30 bytes, Stack size 8 bytes, main.o(i.lmemcmp))
<BR><BR>[Stack]<UL><LI>Max Depth = 8<LI>Call Chain = lmemcmp
</UL>
<BR>[Called By]<UL><LI><a href="#[e5]">&gt;&gt;</a>&nbsp;&nbsp;&nbsp;modbus_read_data
</UL>

<P><STRONG><a name="[ed]"></a>lmemset</STRONG> (Thumb, 14 bytes, Stack size 0 bytes, utilities.o(i.lmemset))
<BR><BR>[Called By]<UL><LI><a href="#[da]">&gt;&gt;</a>&nbsp;&nbsp;&nbsp;program_page
</UL>

[...]
</UL>
<BR>[Calls]<UL><LI><a href="#[f3]">&gt;&gt;</a>&nbsp;&nbsp;&nbsp;usartx_ioctl
</UL>
<BR>[Address Reference Count : 1]<UL><LI> device.o(.constdata)
</UL>
<P><STRONG><a name="[65]"></a>usart1_open</STRONG> (Thumb, 10 bytes, Stack size 0 bytes, usartx.o(i.usart1_open))
<BR><BR>[Stack]<UL><LI>Max Depth = 104<LI>Call Chain = usart1_open &rArr; usartx_open &rArr; USART_Init &rArr; RCC_GetClocksFreq
</UL>
<BR>[Calls]<UL><LI><a href="#[f4]">&gt;&gt;</a>&nbsp;&nbsp;&nbsp;usartx_open
</UL>
<BR>[Address Reference Count : 1]<UL><LI> device.o(.constdata)
</UL>
<P><STRONG><a name="[62]"></a>usart1_read</STRONG> (Thumb, 10 bytes, Stack size 0 bytes, usartx.o(i.usart1_read))
<BR><BR>[Stack]<UL><LI>Max Depth = 16<LI>Call Chain = usart1_read &rArr; usartx_read
</UL>
<BR>[Calls]<UL><LI><a href="#[f5]">&gt;&gt;</a>&nbsp;&nbsp;&nbsp;usartx_read
</UL>
<BR>[Address Reference Count : 1]<UL><LI> device.o(.constdata)
</UL>
<P><STRONG><a name="[63]"></a>usart1_write</STRONG> (Thumb, 10 bytes, Stack size 0 bytes, usartx.o(i.usart1_write))
<BR><BR>[Stack]<UL><LI>Max Depth = 48<LI>Call Chain = usart1_write &rArr; usartx_write &rArr; USART_ITConfig
</UL>
<BR>[Calls]<UL><LI><a href="#[f6]">&gt;&gt;</a>&nbsp;&nbsp;&nbsp;usartx_write
</UL>
<BR>[Address Reference Count : 1]<UL><LI> device.o(.constdata)
</UL>
<P><STRONG><a name="[6b]"></a>usart2_close</STRONG> (Thumb, 6 bytes, Stack size 0 bytes, usartx.o(i.usart2_close))
<BR><BR>[Stack]<UL><LI>Max Depth = 24<LI>Call Chain = usart2_close &rArr; usartx_close &rArr; USART_DeInit
</UL>
<BR>[Calls]<UL><LI><a href="#[f2]">&gt;&gt;</a>&nbsp;&nbsp;&nbsp;usartx_close
</UL>
<BR>[Address Reference Count : 1]<UL><LI> device.o(.constdata)
</UL>
<P><STRONG><a name="[69]"></a>usart2_ioctl</STRONG> (Thumb, 10 bytes, Stack size 0 bytes, usartx.o(i.usart2_ioctl))
<BR><BR>[Stack]<UL><LI>Max Depth = 96<LI>Call Chain = usart2_ioctl &rArr; usartx_ioctl &rArr; USART_Init &rArr; RCC_GetClocksFreq
</UL>
<BR>[Calls]<UL><LI><a href="#[f3]">&gt;&gt;</a>&nbsp;&nbsp;&nbsp;usartx_ioctl
</UL>
<BR>[Address Reference Count : 1]<UL><LI> device.o(.constdata)
</UL>
<P><STRONG><a name="[6a]"></a>usart2_open</STRONG> (Thumb, 10 bytes, Stack size 0 bytes, usartx.o(i.usart2_open))
<BR><BR>[Stack]<UL><LI>Max Depth = 104<LI>Call Chain = usart2_open &rArr; usartx_open &rArr; USART_Init &rArr; RCC_GetClocksFreq
</UL>
<BR>[Calls]<UL><LI><a href="#[f4]">&gt;&gt;</a>&nbsp;&nbsp;&nbsp;usartx_open
</UL>
<BR>[Address Reference Count : 1]<UL><LI> device.o(.constdata)
</UL>
<P><STRONG><a name="[67]"></a>usart2_read</STRONG> (Thumb, 10 bytes, Stack size 0 bytes, usartx.o(i.usart2_read))
<BR><BR>[Stack]<UL><LI>Max Depth = 16<LI>Call Chain = usart2_read &rArr; usartx_read
</UL>
<BR>[Calls]<UL><LI><a href="#[f5]">&gt;&gt;</a>&nbsp;&nbsp;&nbsp;usartx_read
</UL>
<BR>[Address Reference Count : 1]<UL><LI> device.o(.constdata)
</UL>
<P><STRONG><a name="[68]"></a>usart2_write</STRONG> (Thumb, 10 bytes, Stack size 0 bytes, usartx.o(i.usart2_write))
<BR><BR>[Stack]<UL><LI>Max Depth = 48<LI>Call Chain = usart2_write &rArr; usartx_write &rArr; USART_ITConfig
</UL>
<BR>[Calls]<UL><LI><a href="#[f6]">&gt;&gt;</a>&nbsp;&nbsp;&nbsp;usartx_write
</UL>
<BR>[Address Reference Count : 1]<UL><LI> device.o(.constdata)
</UL>
<P><STRONG><a name="[70]"></a>usart3_close</STRONG> (Thumb, 6 bytes, Stack size 0 bytes, usartx.o(i.usart3_close))
<BR><BR>[Stack]<UL><LI>Max Depth = 24<LI>Call Chain = usart3_close &rArr; usartx_close &rArr; USART_DeInit
</UL>
<BR>[Calls]<UL><LI><a href="#[f2]">&gt;&gt;</a>&nbsp;&nbsp;&nbsp;usartx_close
</UL>
<BR>[Address Reference Count : 1]<UL><LI> device.o(.constdata)
</UL>
<P><STRONG><a name="[6e]"></a>usart3_ioctl</STRONG> (Thumb, 10 bytes, Stack size 0 bytes, usartx.o(i.usart3_ioctl))
<BR><BR>[Stack]<UL><LI>Max Depth = 96<LI>Call Chain = usart3_ioctl &rArr; usartx_ioctl &rArr; USART_Init &rArr; RCC_GetClocksFreq
</UL>
<BR>[Calls]<UL><LI><a href="#[f3]">&gt;&gt;</a>&nbsp;&nbsp;&nbsp;usartx_ioctl
</UL>
<BR>[Address Reference Count : 1]<UL><LI> device.o(.constdata)
</UL>
<P><STRONG><a name="[6f]"></a>usart3_open</STRONG> (Thumb, 10 bytes, Stack size 0 bytes, usartx.o(i.usart3_open))
<BR><BR>[Stack]<UL><LI>Max Depth = 104<LI>Call Chain = usart3_open &rArr; usartx_open &rArr; USART_Init &rArr; RCC_GetClocksFreq
</UL>
<BR>[Calls]<UL><LI><a href="#[f4]">&gt;&gt;</a>&nbsp;&nbsp;&nbsp;usartx_open
</UL>
<BR>[Address Reference Count : 1]<UL><LI> device.o(.constdata)
</UL>
<P><STRONG><a name="[6c]"></a>usart3_read</STRONG> (Thumb, 10 bytes, Stack size 0 bytes, usartx.o(i.usart3_read))
<BR><BR>[Stack]<UL><LI>Max Depth = 16<LI>Call Chain = usart3_read &rArr; usartx_read
</UL>
<BR>[Calls]<UL><LI><a href="#[f5]">&gt;&gt;</a>&nbsp;&nbsp;&nbsp;usartx_read
</UL>
<BR>[Address Reference Count : 1]<UL><LI> device.o(.constdata)
</UL>
<P><STRONG><a name="[6d]"></a>usart3_write</STRONG> (Thumb, 10 bytes, Stack size 0 bytes, usartx.o(i.usart3_write))
<BR><BR>[Stack]<UL><LI>Max Depth = 48<LI>Call Chain = usart3_write &rArr; usartx_write &rArr; USART_ITConfig
</UL>
<BR>[Calls]<UL><LI><a href="#[f6]">&gt;&gt;</a>&nbsp;&nbsp;&nbsp;usartx_write
</UL>
<BR>[Address Reference Count : 1]<UL><LI> device.o(.constdata)
</UL>
<P><STRONG><a name="[75]"></a>usart4_close</STRONG> (Thumb, 6 bytes, Stack size 0 bytes, usartx.o(i.usart4_close))
<BR><BR>[Stack]<UL><LI>Max Depth = 24<LI>Call Chain = usart4_close &rArr; usartx_close &rArr; USART_DeInit
</UL>
<BR>[Calls]<UL><LI><a href="#[f2]">&gt;&gt;</a>&nbsp;&nbsp;&nbsp;usartx_close
</UL>
<BR>[Address Reference Count : 1]<UL><LI> device.o(.constdata)
</UL>
<P><STRONG><a name="[73]"></a>usart4_ioctl</STRONG> (Thumb, 10 bytes, Stack size 0 bytes, usartx.o(i.usart4_ioctl))
<BR><BR>[Stack]<UL><LI>Max Depth = 96<LI>Call Chain = usart4_ioctl &rArr; usartx_ioctl &rArr; USART_Init &rArr; RCC_GetClocksFreq
</UL>
<BR>[Calls]<UL><LI><a href="#[f3]">&gt;&gt;</a>&nbsp;&nbsp;&nbsp;usartx_ioctl
</UL>
<BR>[Address Reference Count : 1]<UL><LI> device.o(.constdata)
</UL>
<P><STRONG><a name="[74]"></a>usart4_open</STRONG> (Thumb, 10 bytes, Stack size 0 bytes, usartx.o(i.usart4_open))
<BR><BR>[Stack]<UL><LI>Max Depth = 104<LI>Call Chain = usart4_open &rArr; usartx_open &rArr; USART_Init &rArr; RCC_GetClocksFreq
</UL>
<BR>[Calls]<UL><LI><a href="#[f4]">&gt;&gt;</a>&nbsp;&nbsp;&nbsp;usartx_open
</UL>
<BR>[Address Reference Count : 1]<UL><LI> device.o(.constdata)
</UL>
<P><STRONG><a name="[71]"></a>usart4_read</STRONG> (Thumb, 10 bytes, Stack size 0 bytes, usartx.o(i.usart4_read))
<BR><BR>[Stack]<UL><LI>Max Depth = 16<LI>Call Chain = usart4_read &rArr; usartx_read
</UL>
<BR>[Calls]<UL><LI><a href="#[f5]">&gt;&gt;</a>&nbsp;&nbsp;&nbsp;usartx_read
</UL>
<BR>[Address Reference Count : 1]<UL><LI> device.o(.constdata)
</UL>
<P><STRONG><a name="[72]"></a>usart4_write</STRONG> (Thumb, 10 bytes, Stack size 0 bytes, usartx.o(i.usart4_write))
<BR><BR>[Stack]<UL><LI>Max Depth = 48<LI>Call Chain = usart4_write &rArr; usartx_write &rArr; USART_ITConfig
</UL>
<BR>[Calls]<UL><LI><a href="#[f6]">&gt;&gt;</a>&nbsp;&nbsp;&nbsp;usartx_write
</UL>
<BR>[Address Reference Count : 1]<UL><LI> device.o(.constdata)
</UL>
<P><STRONG><a name="[7a]"></a>usart5_close</STRONG> (Thumb, 6 bytes, Stack size 0 bytes, usartx.o(i.usart5_close))
<BR><BR>[Stack]<UL><LI>Max Depth = 24<LI>Call Chain = usart5_close &rArr; usartx_close &rArr; USART_DeInit
</UL>
<BR>[Calls]<UL><LI><a href="#[f2]">&gt;&gt;</a>&nbsp;&nbsp;&nbsp;usartx_close
</UL>
<BR>[Address Reference Count : 1]<UL><LI> device.o(.constdata)
</UL>
<P><STRONG><a name="[78]"></a>usart5_ioctl</STRONG> (Thumb, 10 bytes, Stack size 0 bytes, usartx.o(i.usart5_ioctl))
<BR><BR>[Stack]<UL><LI>Max Depth = 96<LI>Call Chain = usart5_ioctl &rArr; usartx_ioctl &rArr; USART_Init &rArr; RCC_GetClocksFreq
</UL>
<BR>[Calls]<UL><LI><a href="#[f3]">&gt;&gt;</a>&nbsp;&nbsp;&nbsp;usartx_ioctl
</UL>
<BR>[Address Reference Count : 1]<UL><LI> device.o(.constdata)
</UL>
<P><STRONG><a name="[79]"></a>usart5_open</STRONG> (Thumb, 10 bytes, Stack size 0 bytes, usartx.o(i.usart5_open))
<BR><BR>[Stack]<UL><LI>Max Depth = 104<LI>Call Chain = usart5_open &rArr; usartx_open &rArr; USART_Init &rArr; RCC_GetClocksFreq
</UL>
<BR>[Calls]<UL><LI><a href="#[f4]">&gt;&gt;</a>&nbsp;&nbsp;&nbsp;usartx_open
</UL>
<BR>[Address Reference Count : 1]<UL><LI> device.o(.constdata)
</UL>
<P><STRONG><a name="[76]"></a>usart5_read</STRONG> (Thumb, 10 bytes, Stack size 0 bytes, usartx.o(i.usart5_read))
<BR><BR>[Stack]<UL><LI>Max Depth = 16<LI>Call Chain = usart5_read &rArr; usartx_read
</UL>
<BR>[Calls]<UL><LI><a href="#[f5]">&gt;&gt;</a>&nbsp;&nbsp;&nbsp;usartx_read
</UL>
<BR>[Address Reference Count : 1]<UL><LI> device.o(.constdata)
</UL>
<P><STRONG><a name="[77]"></a>usart5_write</STRONG> (Thumb, 10 bytes, Stack size 0 bytes, usartx.o(i.usart5_write))
<BR><BR>[Stack]<UL><LI>Max Depth = 48<LI>Call Chain = usart5_write &rArr; usartx_write &rArr; USART_ITConfig
</UL>
<BR>[Calls]<UL><LI><a href="#[f6]">&gt;&gt;</a>&nbsp;&nbsp;&nbsp;usartx_write
</UL>
<BR>[Address Reference Count : 1]<UL><LI> device.o(.constdata)
</UL>
<P><STRONG><a name="[f2]"></a>usartx_close</STRONG> (Thumb, 74 bytes, Stack size 16 bytes, usartx.o(i.usartx_close))
<BR><BR>[Stack]<UL><LI>Max Depth = 24<LI>Call Chain = usartx_close &rArr; USART_DeInit
</UL>
<BR>[Calls]<UL><LI><a href="#[be]">&gt;&gt;</a>&nbsp;&nbsp;&nbsp;RCC_APB2PeriphClockCmd
<LI><a href="#[96]">&gt;&gt;</a>&nbsp;&nbsp;&nbsp;RCC_APB1PeriphClockCmd
<LI><a href="#[cc]">&gt;&gt;</a>&nbsp;&nbsp;&nbsp;USART_DeInit
<LI><a href="#[f7]">&gt;&gt;</a>&nbsp;&nbsp;&nbsp;uid_valid
</UL>
<BR>[Called By]<UL><LI><a href="#[7a]">&gt;&gt;</a>&nbsp;&nbsp;&nbsp;usart5_close
<LI><a href="#[75]">&gt;&gt;</a>&nbsp;&nbsp;&nbsp;usart4_close
<LI><a href="#[70]">&gt;&gt;</a>&nbsp;&nbsp;&nbsp;usart3_close
<LI><a href="#[6b]">&gt;&gt;</a>&nbsp;&nbsp;&nbsp;usart2_close
<LI><a href="#[66]">&gt;&gt;</a>&nbsp;&nbsp;&nbsp;usart1_close
</UL>

<P><STRONG><a name="[f3]"></a>usartx_ioctl</STRONG> (Thumb, 248 bytes, Stack size 48 bytes, usartx.o(i.usartx_ioctl))
<BR><BR>[Stack]<UL><LI>Max Depth = 96<LI>Call Chain = usartx_ioctl &rArr; USART_Init &rArr; RCC_GetClocksFreq
</UL>
<BR>[Calls]<UL><LI><a href="#[9f]">&gt;&gt;</a>&nbsp;&nbsp;&nbsp;GPIO_ResetBits
<LI><a href="#[92]">&gt;&gt;</a>&nbsp;&nbsp;&nbsp;__aeabi_ui2f
<LI><a href="#[90]">&gt;&gt;</a>&nbsp;&nbsp;&nbsp;__aeabi_fdiv
<LI><a href="#[f8]">&gt;&gt;</a>&nbsp;&nbsp;&nbsp;__aeabi_f2uiz
<LI><a href="#[cd]">&gt;&gt;</a>&nbsp;&nbsp;&nbsp;USART_Init
<LI><a href="#[f9]">&gt;&gt;</a>&nbsp;&nbsp;&nbsp;USART_Cmd
<LI><a href="#[f7]">&gt;&gt;</a>&nbsp;&nbsp;&nbsp;uid_valid
</UL>
<BR>[Called By]<UL><LI><a href="#[78]">&gt;&gt;</a>&nbsp;&nbsp;&nbsp;usart5_ioctl
<LI><a href="#[73]">&gt;&gt;</a>&nbsp;&nbsp;&nbsp;usart4_ioctl
<LI><a href="#[6e]">&gt;&gt;</a>&nbsp;&nbsp;&nbsp;usart3_ioctl
<LI><a href="#[69]">&gt;&gt;</a>&nbsp;&nbsp;&nbsp;usart2_ioctl
<LI><a href="#[64]">&gt;&gt;</a>&nbsp;&nbsp;&nbsp;usart1_ioctl
</UL>

<P><STRONG><a name="[f4]"></a>usartx_open</STRONG> (Thumb, 236 bytes, Stack size 56 bytes, usartx.o(i.usartx_open))
<BR><BR>[Stack]<UL><LI>Max Depth = 104<LI>Call Chain = usartx_open &rArr; USART_Init &rArr; RCC_GetClocksFreq
</UL>
<BR>[Calls]<UL><LI><a href="#[be]">&gt;&gt;</a>&nbsp;&nbsp;&nbsp;RCC_APB2PeriphClockCmd
<LI><a href="#[96]">&gt;&gt;</a>&nbsp;&nbsp;&nbsp;RCC_APB1PeriphClockCmd
<LI><a href="#[af]">&gt;&gt;</a>&nbsp;&nbsp;&nbsp;NVIC_Init
<LI><a href="#[cd]">&gt;&gt;</a>&nbsp;&nbsp;&nbsp;USART_Init
<LI><a href="#[c9]">&gt;&gt;</a>&nbsp;&nbsp;&nbsp;USART_ITConfig
<LI><a href="#[f9]">&gt;&gt;</a>&nbsp;&nbsp;&nbsp;USART_Cmd
<LI><a href="#[f7]">&gt;&gt;</a>&nbsp;&nbsp;&nbsp;uid_valid
</UL>
<BR>[Called By]<UL><LI><a href="#[79]">&gt;&gt;</a>&nbsp;&nbsp;&nbsp;usart5_open
<LI><a href="#[74]">&gt;&gt;</a>&nbsp;&nbsp;&nbsp;usart4_open
<LI><a href="#[6f]">&gt;&gt;</a>&nbsp;&nbsp;&nbsp;usart3_open
<LI><a href="#[6a]">&gt;&gt;</a>&nbsp;&nbsp;&nbsp;usart2_open
<LI><a href="#[65]">&gt;&gt;</a>&nbsp;&nbsp;&nbsp;usart1_open
</UL>

<P><STRONG><a name="[f5]"></a>usartx_read</STRONG> (Thumb, 64 bytes, Stack size 16 bytes, usartx.o(i.usartx_read))
<BR><BR>[Stack]<UL><LI>Max Depth = 16<LI>Call Chain = usartx_read
</UL>
<BR>[Calls]<UL><LI><a href="#[f7]">&gt;&gt;</a>&nbsp;&nbsp;&nbsp;uid_valid
<LI><a href="#[fa]">&gt;&gt;</a>&nbsp;&nbsp;&nbsp;__aeabi_memcpy
</UL>
<BR>[Called By]<UL><LI><a href="#[76]">&gt;&gt;</a>&nbsp;&nbsp;&nbsp;usart5_read
<LI><a href="#[71]">&gt;&gt;</a>&nbsp;&nbsp;&nbsp;usart4_read
<LI><a href="#[6c]">&gt;&gt;</a>&nbsp;&nbsp;&nbsp;usart3_read
<LI><a href="#[67]">&gt;&gt;</a>&nbsp;&nbsp;&nbsp;usart2_read
<LI><a href="#[62]">&gt;&gt;</a>&nbsp;&nbsp;&nbsp;usart1_read
</UL>

<P><STRONG><a name="[c4]"></a>usartx_timer</STRONG> (Thumb, 82 bytes, Stack size 8 bytes, usartx.o(i.usartx_timer))
<BR><BR>[Stack]<UL><LI>Max Depth = 8<LI>Call Chain = usartx_timer
</UL>
<BR>[Called By]<UL><LI><a href="#[9]">&gt;&gt;</a>&nbsp;&nbsp;&nbsp;SysTick_Handler
</UL>

<P><STRONG><a name="[f6]"></a>usartx_write</STRONG> (Thumb, 226 bytes, Stack size 40 bytes, usartx.o(i.usartx_write))
<BR><BR>[Stack]<UL><LI>Max Depth = 48<LI>Call Chain = usartx_write &rArr; USART_ITConfig
</UL>
<BR>[Calls]<UL><LI><a href="#[9a]">&gt;&gt;</a>&nbsp;&nbsp;&nbsp;GPIO_SetBits
<LI><a href="#[9f]">&gt;&gt;</a>&nbsp;&nbsp;&nbsp;GPIO_ResetBits
<LI><a href="#[cb]">&gt;&gt;</a>&nbsp;&nbsp;&nbsp;USART_SendData
<LI><a href="#[c9]">&gt;&gt;</a>&nbsp;&nbsp;&nbsp;USART_ITConfig
<LI><a href="#[fb]">&gt;&gt;</a>&nbsp;&nbsp;&nbsp;USART_GetFlagStatus
<LI><a href="#[f7]">&gt;&gt;</a>&nbsp;&nbsp;&nbsp;uid_valid
<LI><a href="#[fa]">&gt;&gt;</a>&nbsp;&nbsp;&nbsp;__aeabi_memcpy
</UL>
<BR>[Called By]<UL><LI><a href="#[77]">&gt;&gt;</a>&nbsp;&nbsp;&nbsp;usart5_write
<LI><a href="#[72]">&gt;&gt;</a>&nbsp;&nbsp;&nbsp;usart4_write
<LI><a href="#[6d]">&gt;&gt;</a>&nbsp;&nbsp;&nbsp;usart3_write
<LI><a href="#[68]">&gt;&gt;</a>&nbsp;&nbsp;&nbsp;usart2_write
<LI><a href="#[63]">&gt;&gt;</a>&nbsp;&nbsp;&nbsp;usart1_write
</UL>

<P><STRONG><a name="[fc]"></a>w25qx_chk_bsy</STRONG> (Thumb, 54 bytes, Stack size 16 bytes, w25qx.o(i.w25qx_chk_bsy))
<BR><BR>[Stack]<UL><LI>Max Depth = 32<LI>Call Chain = w25qx_chk_bsy &rArr; spi_send_byte
</UL>
<BR>[Calls]<UL><LI><a href="#[f0]">&gt;&gt;</a>&nbsp;&nbsp;&nbsp;spi_send_byte
</UL>
<BR>[Called By]<UL><LI><a href="#[83]">&gt;&gt;</a>&nbsp;&nbsp;&nbsp;w25qx_write
<LI><a href="#[82]">&gt;&gt;</a>&nbsp;&nbsp;&nbsp;w25qx_read
<LI><a href="#[84]">&gt;&gt;</a>&nbsp;&nbsp;&nbsp;w25qx_ioctl
</UL>

<P><STRONG><a name="[86]"></a>w25qx_close</STRONG> (Thumb, 24 bytes, Stack size 8 bytes, w25qx.o(i.w25qx_close))
<BR><BR>[Stack]<UL><LI>Max Depth = 16<LI>Call Chain = w25qx_close &rArr; SPI_I2S_DeInit
</UL>
<BR>[Calls]<UL><LI><a href="#[95]">&gt;&gt;</a>&nbsp;&nbsp;&nbsp;SPI_I2S_DeInit
</UL>
<BR>[Address Reference Count : 1]<UL><LI> device.o(.constdata)
</UL>
<P><STRONG><a name="[fd]"></a>w25qx_cmd</STRONG> (Thumb, 26 bytes, Stack size 8 bytes, w25qx.o(i.w25qx_cmd))
<BR><BR>[Stack]<UL><LI>Max Depth = 24<LI>Call Chain = w25qx_cmd &rArr; spi_send_byte
</UL>
<BR>[Calls]<UL><LI><a href="#[f0]">&gt;&gt;</a>&nbsp;&nbsp;&nbsp;spi_send_byte
</UL>
<BR>[Called By]<UL><LI><a href="#[83]">&gt;&gt;</a>&nbsp;&nbsp;&nbsp;w25qx_write
<LI><a href="#[84]">&gt;&gt;</a>&nbsp;&nbsp;&nbsp;w25qx_ioctl
</UL>

<P><STRONG><a name="[84]"></a>w25qx_ioctl</STRONG> (Thumb, 188 bytes, Stack size 16 bytes, w25qx.o(i.w25qx_ioctl))
<BR><BR>[Stack]<UL><LI>Max Depth = 48<LI>Call Chain = w25qx_ioctl &rArr; w25qx_chk_bsy &rArr; spi_send_byte
</UL>
<BR>[Calls]<UL><LI><a href="#[fd]">&gt;&gt;</a>&nbsp;&nbsp;&nbsp;w25qx_cmd
<LI><a href="#[fc]">&gt;&gt;</a>&nbsp;&nbsp;&nbsp;w25qx_chk_bsy
<LI><a href="#[f1]">&gt;&gt;</a>&nbsp;&nbsp;&nbsp;spi_send_long
</UL>
<BR>[Address Reference Count : 1]<UL><LI> device.o(.constdata)
</UL>
<P><STRONG><a name="[81]"></a>w25qx_lseek</STRONG> (Thumb, 124 bytes, Stack size 20 bytes, w25qx.o(i.w25qx_lseek))
<BR><BR>[Stack]<UL><LI>Max Depth = 20<LI>Call Chain = w25qx_lseek
</UL>
<BR>[Address Reference Count : 1]<UL><LI> device.o(.constdata)
</UL>
<P><STRONG><a name="[85]"></a>w25qx_open</STRONG> (Thumb, 26 bytes, Stack size 8 bytes, w25qx.o(i.w25qx_open))
<BR><BR>[Stack]<UL><LI>Max Depth = 52<LI>Call Chain = w25qx_open &rArr; spi_init &rArr; SPI_Init
</UL>
<BR>[Calls]<UL><LI><a href="#[ef]">&gt;&gt;</a>&nbsp;&nbsp;&nbsp;spi_init
</UL>
<BR>[Address Reference Count : 1]<UL><LI> device.o(.constdata)
</UL>
<P><STRONG><a name="[82]"></a>w25qx_read</STRONG> (Thumb, 112 bytes, Stack size 24 bytes, w25qx.o(i.w25qx_read))
<BR><BR>[Stack]<UL><LI>Max Depth = 56<LI>Call Chain = w25qx_read &rArr; w25qx_chk_bsy &rArr; spi_send_byte
</UL>
<BR>[Calls]<UL><LI><a href="#[fc]">&gt;&gt;</a>&nbsp;&nbsp;&nbsp;w25qx_chk_bsy
<LI><a href="#[f1]">&gt;&gt;</a>&nbsp;&nbsp;&nbsp;spi_send_long
<LI><a href="#[f0]">&gt;&gt;</a>&nbsp;&nbsp;&nbsp;spi_send_byte
</UL>
<BR>[Address Reference Count : 1]<UL><LI> device.o(.constdata)
</UL>
<P><STRONG><a name="[83]"></a>w25qx_write</STRONG> (Thumb, 202 bytes, Stack size 40 bytes, w25qx.o(i.w25qx_write))
<BR><BR>[Stack]<UL><LI>Max Depth = 72<LI>Call Chain = w25qx_write &rArr; w25qx_chk_bsy &rArr; spi_send_byte
</UL>
<BR>[Calls]<UL><LI><a href="#[fd]">&gt;&gt;</a>&nbsp;&nbsp;&nbsp;w25qx_cmd
<LI><a href="#[fc]">&gt;&gt;</a>&nbsp;&nbsp;&nbsp;w25qx_chk_bsy
<LI><a href="#[f1]">&gt;&gt;</a>&nbsp;&nbsp;&nbsp;spi_send_long
<LI><a href="#[f0]">&gt;&gt;</a>&nbsp;&nbsp;&nbsp;spi_send_byte
</UL>
<BR>[Address Reference Count : 1]<UL><LI> device.o(.constdata)
</UL>
<P><STRONG><a name="[d3]"></a>write</STRONG> (Thumb, 50 bytes, Stack size 8 bytes, device.o(i.write))
<BR><BR>[Stack]<UL><LI>Max Depth = 8<LI>Call Chain = write
</UL>
<BR>[Called By]<UL><LI><a href="#[e5]">&gt;&gt;</a>&nbsp;&nbsp;&nbsp;modbus_read_data
<LI><a href="#[5c]">&gt;&gt;</a>&nbsp;&nbsp;&nbsp;main
<LI><a href="#[d4]">&gt;&gt;</a>&nbsp;&nbsp;&nbsp;copy_code_to_exterflash
<LI><a href="#[d0]">&gt;&gt;</a>&nbsp;&nbsp;&nbsp;backup_application
</UL>
<P>
<H3>
Local Symbols
</H3>
<P><STRONG><a name="[b0]"></a>RCC_Configuration</STRONG> (Thumb, 152 bytes, Stack size 16 bytes, device.o(i.RCC_Configuration))
<BR><BR>[Stack]<UL><LI>Max Depth = 28<LI>Call Chain = RCC_Configuration &rArr; RCC_WaitForHSEStartUp
</UL>
<BR>[Calls]<UL><LI><a href="#[b3]">&gt;&gt;</a>&nbsp;&nbsp;&nbsp;RCC_WaitForHSEStartUp
<LI><a href="#[bb]">&gt;&gt;</a>&nbsp;&nbsp;&nbsp;RCC_SYSCLKConfig
<LI><a href="#[b8]">&gt;&gt;</a>&nbsp;&nbsp;&nbsp;RCC_PLLConfig
<LI><a href="#[b9]">&gt;&gt;</a>&nbsp;&nbsp;&nbsp;RCC_PLLCmd
<LI><a href="#[b6]">&gt;&gt;</a>&nbsp;&nbsp;&nbsp;RCC_PCLK2Config
<LI><a href="#[b7]">&gt;&gt;</a>&nbsp;&nbsp;&nbsp;RCC_PCLK1Config
<LI><a href="#[b2]">&gt;&gt;</a>&nbsp;&nbsp;&nbsp;RCC_HSEConfig
<LI><a href="#[b5]">&gt;&gt;</a>&nbsp;&nbsp;&nbsp;RCC_HCLKConfig
<LI><a href="#[bc]">&gt;&gt;</a>&nbsp;&nbsp;&nbsp;RCC_GetSYSCLKSource
<LI><a href="#[ba]">&gt;&gt;</a>&nbsp;&nbsp;&nbsp;RCC_GetFlagStatus
<LI><a href="#[b1]">&gt;&gt;</a>&nbsp;&nbsp;&nbsp;RCC_DeInit
<LI><a href="#[be]">&gt;&gt;</a>&nbsp;&nbsp;&nbsp;RCC_APB2PeriphClockCmd
<LI><a href="#[96]">&gt;&gt;</a>&nbsp;&nbsp;&nbsp;RCC_APB1PeriphClockCmd
<LI><a href="#[bd]">&gt;&gt;</a>&nbsp;&nbsp;&nbsp;RCC_AHB1PeriphClockCmd
<LI><a href="#[b4]">&gt;&gt;</a>&nbsp;&nbsp;&nbsp;FLASH_SetLatency
</UL>
<BR>[Called By]<UL><LI><a href="#[dd]">&gt;&gt;</a>&nbsp;&nbsp;&nbsp;dev_init
</UL>

<P><STRONG><a name="[a4]"></a>GetSector</STRONG> (Thumb, 146 bytes, Stack size 0 bytes, main.o(i.GetSector))
<BR><BR>[Called By]<UL><LI><a href="#[e0]">&gt;&gt;</a>&nbsp;&nbsp;&nbsp;erase_page
<LI><a href="#[a3]">&gt;&gt;</a>&nbsp;&nbsp;&nbsp;FLASH_DisableWriteProtectionPages
</UL>

<P><STRONG><a name="[db]"></a>SysTick_Config</STRONG> (Thumb, 40 bytes, Stack size 0 bytes, systick.o(i.SysTick_Config))
<BR><BR>[Called By]<UL><LI><a href="#[61]">&gt;&gt;</a>&nbsp;&nbsp;&nbsp;dSysTick_release
<LI><a href="#[60]">&gt;&gt;</a>&nbsp;&nbsp;&nbsp;dSysTick_open
<LI><a href="#[5f]">&gt;&gt;</a>&nbsp;&nbsp;&nbsp;dSysTick_ioctl
</UL>
<P>
<H3>
Undefined Global Symbols
</H3><HR></body></html>
